Component: ARM Compiler 5.06 update 6 (build 750) Tool: armlink [4d35ed]

==============================================================================

Section Cross References

    startup_stm32g431xx.o(STACK) refers (Special) to heapauxi.o(.text) for __use_two_region_memory
    startup_stm32g431xx.o(HEAP) refers (Special) to heapauxi.o(.text) for __use_two_region_memory
    startup_stm32g431xx.o(RESET) refers (Special) to heapauxi.o(.text) for __use_two_region_memory
    startup_stm32g431xx.o(RESET) refers to startup_stm32g431xx.o(STACK) for __initial_sp
    startup_stm32g431xx.o(RESET) refers to startup_stm32g431xx.o(.text) for Reset_Handler
    startup_stm32g431xx.o(RESET) refers to stm32g4xx_it.o(i.NMI_Handler) for NMI_Handler
    startup_stm32g431xx.o(RESET) refers to stm32g4xx_it.o(i.HardFault_Handler) for HardFault_Handler
    startup_stm32g431xx.o(RESET) refers to stm32g4xx_it.o(i.MemManage_Handler) for MemManage_Handler
    startup_stm32g431xx.o(RESET) refers to stm32g4xx_it.o(i.BusFault_Handler) for BusFault_Handler
    startup_stm32g431xx.o(RESET) refers to stm32g4xx_it.o(i.UsageFault_Handler) for UsageFault_Handler
    startup_stm32g431xx.o(RESET) refers to stm32g4xx_it.o(i.SVC_Handler) for SVC_Handler
    startup_stm32g431xx.o(RESET) refers to stm32g4xx_it.o(i.DebugMon_Handler) for DebugMon_Handler
    startup_stm32g431xx.o(RESET) refers to stm32g4xx_it.o(i.PendSV_Handler) for PendSV_Handler
    startup_stm32g431xx.o(RESET) refers to stm32g4xx_it.o(i.SysTick_Handler) for SysTick_Handler
    startup_stm32g431xx.o(RESET) refers to stm32g4xx_it.o(i.ADC1_2_IRQHandler) for ADC1_2_IRQHandler
    startup_stm32g431xx.o(RESET) refers to stm32g4xx_it.o(i.USB_LP_IRQHandler) for USB_LP_IRQHandler
    startup_stm32g431xx.o(RESET) refers to stm32g4xx_it.o(i.TIM1_UP_TIM16_IRQHandler) for TIM1_UP_TIM16_IRQHandler
    startup_stm32g431xx.o(RESET) refers to stm32g4xx_it.o(i.TIM2_IRQHandler) for TIM2_IRQHandler
    startup_stm32g431xx.o(.text) refers (Special) to heapauxi.o(.text) for __use_two_region_memory
    startup_stm32g431xx.o(.text) refers to system_stm32g4xx.o(i.SystemInit) for SystemInit
    startup_stm32g431xx.o(.text) refers to __main.o(!!!main) for __main
    startup_stm32g431xx.o(.text) refers to startup_stm32g431xx.o(HEAP) for Heap_Mem
    startup_stm32g431xx.o(.text) refers to startup_stm32g431xx.o(STACK) for Stack_Mem
    main.o(i.SystemClock_Config) refers to rt_memclr_w.o(.text) for __aeabi_memclr4
    main.o(i.SystemClock_Config) refers to stm32g4xx_hal_pwr_ex.o(i.HAL_PWREx_ControlVoltageScaling) for HAL_PWREx_ControlVoltageScaling
    main.o(i.SystemClock_Config) refers to stm32g4xx_hal_rcc.o(i.HAL_RCC_OscConfig) for HAL_RCC_OscConfig
    main.o(i.SystemClock_Config) refers to stm32g4xx_hal_rcc.o(i.HAL_RCC_ClockConfig) for HAL_RCC_ClockConfig
    main.o(i.main) refers to stm32g4xx_hal.o(i.HAL_Init) for HAL_Init
    main.o(i.main) refers to main.o(i.SystemClock_Config) for SystemClock_Config
    main.o(i.main) refers to gpio.o(i.MX_GPIO_Init) for MX_GPIO_Init
    main.o(i.main) refers to adc.o(i.MX_ADC1_Init) for MX_ADC1_Init
    main.o(i.main) refers to tim.o(i.MX_TIM1_Init) for MX_TIM1_Init
    main.o(i.main) refers to fdcan.o(i.MX_FDCAN1_Init) for MX_FDCAN1_Init
    main.o(i.main) refers to spi.o(i.MX_SPI1_Init) for MX_SPI1_Init
    main.o(i.main) refers to spi.o(i.MX_SPI3_Init) for MX_SPI3_Init
    main.o(i.main) refers to usb_device.o(i.MX_USB_Device_Init) for MX_USB_Device_Init
    main.o(i.main) refers to tim.o(i.MX_TIM2_Init) for MX_TIM2_Init
    main.o(i.main) refers to task_cfg.o(i.Task_Init) for Task_Init
    main.o(i.main) refers to f2d.o(x$fpl$f2d) for __aeabi_f2d
    main.o(i.main) refers to usbd_cdc_if.o(i.usbvcom_printf) for usbvcom_printf
    main.o(i.main) refers to pid.o(.bss) for Speed_PID
    main.o(i.main) refers to foc.o(.bss) for foc
    gpio.o(i.MX_GPIO_Init) refers to rt_memclr_w.o(.text) for __aeabi_memclr4
    gpio.o(i.MX_GPIO_Init) refers to stm32g4xx_hal_gpio.o(i.HAL_GPIO_WritePin) for HAL_GPIO_WritePin
    gpio.o(i.MX_GPIO_Init) refers to stm32g4xx_hal_gpio.o(i.HAL_GPIO_Init) for HAL_GPIO_Init
    adc.o(i.HAL_ADC_MspDeInit) refers to stm32g4xx_hal_gpio.o(i.HAL_GPIO_DeInit) for HAL_GPIO_DeInit
    adc.o(i.HAL_ADC_MspDeInit) refers to stm32g4xx_hal_cortex.o(i.HAL_NVIC_DisableIRQ) for HAL_NVIC_DisableIRQ
    adc.o(i.HAL_ADC_MspInit) refers to rt_memclr_w.o(.text) for __aeabi_memclr4
    adc.o(i.HAL_ADC_MspInit) refers to stm32g4xx_hal_rcc_ex.o(i.HAL_RCCEx_PeriphCLKConfig) for HAL_RCCEx_PeriphCLKConfig
    adc.o(i.HAL_ADC_MspInit) refers to main.o(i.Error_Handler) for Error_Handler
    adc.o(i.HAL_ADC_MspInit) refers to stm32g4xx_hal_gpio.o(i.HAL_GPIO_Init) for HAL_GPIO_Init
    adc.o(i.HAL_ADC_MspInit) refers to stm32g4xx_hal_cortex.o(i.HAL_NVIC_SetPriority) for HAL_NVIC_SetPriority
    adc.o(i.HAL_ADC_MspInit) refers to stm32g4xx_hal_cortex.o(i.HAL_NVIC_EnableIRQ) for HAL_NVIC_EnableIRQ
[...]
    _sputc                                   0x080005d9   Thumb Code    10  _sputc.o(.text)
    _snputc                                  0x080005e3   Thumb Code    16  _snputc.o(.text)
    _printf_wctomb                           0x080005f5   Thumb Code   182  _printf_wctomb.o(.text)
    _printf_longlong_dec                     0x080006b1   Thumb Code   108  _printf_longlong_dec.o(.text)
    _printf_longlong_oct                     0x0800072d   Thumb Code    66  _printf_oct_int_ll.o(.text)
    _printf_int_oct                          0x0800076f   Thumb Code    24  _printf_oct_int_ll.o(.text)
    _printf_ll_oct                           0x08000787   Thumb Code    12  _printf_oct_int_ll.o(.text)
    _printf_longlong_hex                     0x0800079d   Thumb Code    86  _printf_hex_int_ll_ptr.o(.text)
    _printf_int_hex                          0x080007f3   Thumb Code    28  _printf_hex_int_ll_ptr.o(.text)
    _printf_ll_hex                           0x0800080f   Thumb Code    12  _printf_hex_int_ll_ptr.o(.text)
    _printf_hex_ptr                          0x0800081b   Thumb Code    18  _printf_hex_int_ll_ptr.o(.text)
    __printf                                 0x08000831   Thumb Code   388  __printf_flags_ss_wp.o(.text)
    __aeabi_errno_addr                       0x080009b9   Thumb Code     8  rt_errno_addr_intlibspace.o(.text)
    __errno$intlibspace                      0x080009b9   Thumb Code     0  rt_errno_addr_intlibspace.o(.text)
    __rt_errno_addr$intlibspace              0x080009b9   Thumb Code     0  rt_errno_addr_intlibspace.o(.text)
    _ll_udiv10                               0x080009c1   Thumb Code   138  lludiv10.o(.text)
    _printf_int_common                       0x08000a4b   Thumb Code   178  _printf_intcommon.o(.text)
    __lib_sel_fp_printf                      0x08000afd   Thumb Code     2  _printf_fp_dec.o(.text)
    _printf_fp_dec_real                      0x08000caf   Thumb Code   620  _printf_fp_dec.o(.text)
    _printf_fp_hex_real                      0x08000f1d   Thumb Code   756  _printf_fp_hex.o(.text)
    _printf_cs_common                        0x08001219   Thumb Code    20  _printf_char.o(.text)
    _printf_char                             0x0800122d   Thumb Code    16  _printf_char.o(.text)
    _printf_string                           0x0800123d   Thumb Code     8  _printf_char.o(.text)
    _printf_lcs_common                       0x08001245   Thumb Code    20  _printf_wchar.o(.text)
    _printf_wchar                            0x08001259   Thumb Code    16  _printf_wchar.o(.text)
    _printf_wstring                          0x08001269   Thumb Code     8  _printf_wchar.o(.text)
    _wcrtomb                                 0x08001271   Thumb Code    64  _wcrtomb.o(.text)
    __user_libspace                          0x080012b1   Thumb Code     8  libspace.o(.text)
    __user_perproc_libspace                  0x080012b1   Thumb Code     0  libspace.o(.text)
    __user_perthread_libspace                0x080012b1   Thumb Code     0  libspace.o(.text)
    __user_setup_stackheap                   0x080012b9   Thumb Code    74  sys_stackheap_outer.o(.text)
    __rt_ctype_table                         0x08001305   Thumb Code    16  rt_ctype_table.o(.text)
    __rt_locale                              0x08001315   Thumb Code     8  rt_locale_intlibspace.o(.text)
    _printf_fp_infnan                        0x0800131d   Thumb Code   112  _printf_fp_infnan.o(.text)
    _btod_etento                             0x0800139d   Thumb Code   224  bigflt0.o(.text)
    exit                                     0x08001481   Thumb Code    18  exit.o(.text)
    strcmp                                   0x08001495   Thumb Code   128  strcmpv7m.o(.text)
    _sys_exit                                0x08001515   Thumb Code     8  sys_exit.o(.text)
    __I$use$semihosting                      0x08001521   Thumb Code     0  use_no_semi.o(.text)
    __use_no_semihosting_swi                 0x08001521   Thumb Code     2  use_no_semi.o(.text)
    __semihosting_library_function           0x08001523   Thumb Code     0  indicate_semi.o(.text)
    _btod_d2e                                0x08001523   Thumb Code    62  btod.o(CL$$btod_d2e)
    _d2e_denorm_low                          0x08001561   Thumb Code    70  btod.o(CL$$btod_d2e_denorm_low)
    _d2e_norm_op1                            0x080015a7   Thumb Code    96  btod.o(CL$$btod_d2e_norm_op1)
    __btod_div_common                        0x08001607   Thumb Code   696  btod.o(CL$$btod_div_common)
    _e2e                                     0x0800193f   Thumb Code   220  btod.o(CL$$btod_e2e)
    _btod_ediv                               0x08001a1b   Thumb Code    42  btod.o(CL$$btod_ediv)
    _btod_emul                               0x08001a45   Thumb Code    42  btod.o(CL$$btod_emul)
    __btod_mult_common                       0x08001a6f   Thumb Code   580  btod.o(CL$$btod_mult_common)
    ADC1_2_IRQHandler                        0x08001cb5   Thumb Code     6  stm32g4xx_it.o(i.ADC1_2_IRQHandler)
    ADC_Enable                               0x08001cc1   Thumb Code   154  stm32g4xx_hal_adc.o(i.ADC_Enable)
    Bsp_Init                                 0x08001d6d   Thumb Code    80  task_cfg.o(i.Bsp_Init)
    BusFault_Handler                         0x08001dc9   Thumb Code     2  stm32g4xx_it.o(i.BusFault_Handler)
    CDC_Transmit_FS                          0x08001e15   Thumb Code    38  usbd_cdc_if.o(i.CDC_Transmit_FS)
    Curr_PI_Param_VoltCircLInit              0x08001e41   Thumb Code    42  pid.o(i.Curr_PI_Param_VoltCircLInit)
    DebugMon_Handler                         0x08001e79   Thumb Code     2  stm32g4xx_it.o(i.DebugMon_Handler)
    Error_Handler                            0x08001e7b   Thumb Code     4  main.o(i.Error_Handler)
    FocParamInit                             0x08001e7f   Thumb Code    10  foc.o(i.FocParamInit)
    HAL_ADCEx_EndOfSamplingCallback          0x08001e89   Thumb Code     2  stm32g4xx_hal_adc_ex.o(i.HAL_ADCEx_EndOfSamplingCallback)
    HAL_ADCEx_InjectedConfigChannel          0x08001e8d   Thumb Code  1264  stm32g4xx_hal_adc_ex.o(i.HAL_ADCEx_InjectedConfigChannel)
    HAL_ADCEx_InjectedConvCpltCallback       0x080023a5   Thumb Code   170  maintask.o(i.HAL_ADCEx_InjectedConvCpltCallback)
    HAL_ADCEx_InjectedGetValue               0x0800246d   Thumb Code    46  stm32g4xx_hal_adc_ex.o(i.HAL_ADCEx_InjectedGetValue)
    HAL_ADCEx_InjectedQueueOverflowCallback  0x0800249b   Thumb Code     2  stm32g4xx_hal_adc_ex.o(i.HAL_ADCEx_InjectedQueueOverflowCallback)
    HAL_ADCEx_InjectedStart_IT               0x0800249d   Thumb Code   282  stm32g4xx_hal_adc_ex.o(i.HAL_ADCEx_InjectedStart_IT)
    HAL_ADCEx_LevelOutOfWindow2Callback      0x080025c5   Thumb Code     2  stm32g4xx_hal_adc_ex.o(i.HAL_ADCEx_LevelOutOfWindow2Callback)
    HAL_ADCEx_LevelOutOfWindow3Callback      0x080025c7   Thumb Code     2  stm32g4xx_hal_adc_ex.o(i.HAL_ADCEx_LevelOutOfWindow3Callback)
    HAL_ADCEx_MultiModeConfigChannel         0x080025c9   Thumb Code   208  stm32g4xx_hal_adc_ex.o(i.HAL_ADCEx_MultiModeConfigChannel)
    HAL_ADC_ConvCpltCallback                 0x080026a1   Thumb Code     2  stm32g4xx_hal_adc.o(i.HAL_ADC_ConvCpltCallback)
    HAL_ADC_ErrorCallback                    0x080026a3   Thumb Code     2  stm32g4xx_hal_adc.o(i.HAL_ADC_ErrorCallback)
    HAL_ADC_IRQHandler                       0x080026a5   Thumb Code   612  stm32g4xx_hal_adc.o(i.HAL_ADC_IRQHandler)
    HAL_ADC_Init                             0x08002911   Thumb Code   466  stm32g4xx_hal_adc.o(i.HAL_ADC_Init)
    HAL_ADC_LevelOutOfWindowCallback         0x08002b05   Thumb Code     2  stm32g4xx_hal_adc.o(i.HAL_ADC_LevelOutOfWindowCallback)
    HAL_ADC_MspInit                          0x08002b09   Thumb Code   128  adc.o(i.HAL_ADC_MspInit)
    HAL_ADC_Start_IT                         0x08002b8d   Thumb Code   362  stm32g4xx_hal_adc.o(i.HAL_ADC_Start_IT)
    HAL_FDCAN_Init                           0x08002d05   Thumb Code   498  stm32g4xx_hal_fdcan.o(i.HAL_FDCAN_Init)
    HAL_FDCAN_MspInit                        0x08002f09   Thumb Code   116  fdcan.o(i.HAL_FDCAN_MspInit)
    HAL_GPIO_Init                            0x08002f89   Thumb Code   550  stm32g4xx_hal_gpio.o(i.HAL_GPIO_Init)
    HAL_GPIO_WritePin                        0x080031d1   Thumb Code    10  stm32g4xx_hal_gpio.o(i.HAL_GPIO_WritePin)
    HAL_GetTick                              0x080031dd   Thumb Code     6  stm32g4xx_hal.o(i.HAL_GetTick)
    HAL_IncTick                              0x080031e9   Thumb Code    12  stm32g4xx_hal.o(i.HAL_IncTick)
    HAL_Init                                 0x080031f9   Thumb Code    30  stm32g4xx_hal.o(i.HAL_Init)
    HAL_InitTick                             0x08003219   Thumb Code    58  stm32g4xx_hal.o(i.HAL_InitTick)
    HAL_MspInit                              0x0800325d   Thumb Code    42  stm32g4xx_hal_msp.o(i.HAL_MspInit)
    HAL_NVIC_EnableIRQ                       0x0800328d   Thumb Code    26  stm32g4xx_hal_cortex.o(i.HAL_NVIC_EnableIRQ)
    HAL_NVIC_SetPriority                     0x080032a9   Thumb Code    60  stm32g4xx_hal_cortex.o(i.HAL_NVIC_SetPriority)
    HAL_NVIC_SetPriorityGrouping             0x080032e9   Thumb Code    26  stm32g4xx_hal_cortex.o(i.HAL_NVIC_SetPriorityGrouping)
    HAL_PCDEx_ActivateLPM                    0x0800330d   Thumb Code    36  stm32g4xx_hal_pcd_ex.o(i.HAL_PCDEx_ActivateLPM)
    HAL_PCDEx_LPM_Callback                   0x08003331   Thumb Code    64  usbd_conf.o(i.HAL_PCDEx_LPM_Callback)
    HAL_PCDEx_PMAConfig                      0x08003375   Thumb Code    60  stm32g4xx_hal_pcd_ex.o(i.HAL_PCDEx_PMAConfig)
    HAL_PCD_DataInStageCallback              0x080033b1   Thumb Code    18  usbd_conf.o(i.HAL_PCD_DataInStageCallback)
    HAL_PCD_DataOutStageCallback             0x080033c3   Thumb Code    20  usbd_conf.o(i.HAL_PCD_DataOutStageCallback)
    HAL_PCD_EP_Close                         0x080033d7   Thumb Code    74  stm32g4xx_hal_pcd.o(i.HAL_PCD_EP_Close)
    HAL_PCD_EP_ClrStall                      0x08003421   Thumb Code    90  stm32g4xx_hal_pcd.o(i.HAL_PCD_EP_ClrStall)
    HAL_PCD_EP_GetRxCount                    0x080038d7   Thumb Code    18  stm32g4xx_hal_pcd.o(i.HAL_PCD_EP_GetRxCount)
    HAL_PCD_EP_Open                          0x080038e9   Thumb Code    92  stm32g4xx_hal_pcd.o(i.HAL_PCD_EP_Open)
    HAL_PCD_EP_Receive                       0x08003945   Thumb Code    46  stm32g4xx_hal_pcd.o(i.HAL_PCD_EP_Receive)
    HAL_PCD_EP_SetStall                      0x08003973   Thumb Code    94  stm32g4xx_hal_pcd.o(i.HAL_PCD_EP_SetStall)
    HAL_PCD_EP_Transmit                      0x080039d1   Thumb Code    46  stm32g4xx_hal_pcd.o(i.HAL_PCD_EP_Transmit)
    HAL_PCD_IRQHandler                       0x080039ff   Thumb Code   330  stm32g4xx_hal_pcd.o(i.HAL_PCD_IRQHandler)
    HAL_PCD_Init                             0x08003b49   Thumb Code   156  stm32g4xx_hal_pcd.o(i.HAL_PCD_Init)
    HAL_PCD_MspInit                          0x08003be5   Thumb Code    80  usbd_conf.o(i.HAL_PCD_MspInit)
    HAL_PCD_ResetCallback                    0x08003c3d   Thumb Code    38  usbd_conf.o(i.HAL_PCD_ResetCallback)
    HAL_PCD_ResumeCallback                   0x08003c65   Thumb Code    34  usbd_conf.o(i.HAL_PCD_ResumeCallback)
    HAL_PCD_SOFCallback                      0x08003c8d   Thumb Code     8  usbd_conf.o(i.HAL_PCD_SOFCallback)
    HAL_PCD_SetAddress                       0x08003c95   Thumb Code    38  stm32g4xx_hal_pcd.o(i.HAL_PCD_SetAddress)
    HAL_PCD_SetupStageCallback               0x08003cbb   Thumb Code    14  usbd_conf.o(i.HAL_PCD_SetupStageCallback)
    HAL_PCD_Start                            0x08003cc9   Thumb Code    42  stm32g4xx_hal_pcd.o(i.HAL_PCD_Start)
    HAL_PCD_SuspendCallback                  0x08003cf5   Thumb Code    30  usbd_conf.o(i.HAL_PCD_SuspendCallback)
    HAL_PWREx_ControlVoltageScaling          0x08003d19   Thumb Code   174  stm32g4xx_hal_pwr_ex.o(i.HAL_PWREx_ControlVoltageScaling)
    HAL_PWREx_DisableUCPDDeadBattery         0x08003dd5   Thumb Code    12  stm32g4xx_hal_pwr_ex.o(i.HAL_PWREx_DisableUCPDDeadBattery)
    HAL_RCCEx_PeriphCLKConfig                0x08003de5   Thumb Code   638  stm32g4xx_hal_rcc_ex.o(i.HAL_RCCEx_PeriphCLKConfig)
    HAL_RCC_ClockConfig                      0x0800406d   Thumb Code   444  stm32g4xx_hal_rcc.o(i.HAL_RCC_ClockConfig)
    HAL_RCC_GetSysClockFreq                  0x08004249   Thumb Code    98  stm32g4xx_hal_rcc.o(i.HAL_RCC_GetSysClockFreq)
    HAL_RCC_OscConfig                        0x080042b5   Thumb Code  1028  stm32g4xx_hal_rcc.o(i.HAL_RCC_OscConfig)
    HAL_SPI_Init                             0x080046b9   Thumb Code   234  stm32g4xx_hal_spi.o(i.HAL_SPI_Init)
    HAL_SPI_MspInit                          0x080047a5   Thumb Code   182  spi.o(i.HAL_SPI_MspInit)
    HAL_SPI_Transmit                         0x08004871   Thumb Code   398  stm32g4xx_hal_spi.o(i.HAL_SPI_Transmit)
    HAL_SYSTICK_Config                       0x080049ff   Thumb Code    40  stm32g4xx_hal_cortex.o(i.HAL_SYSTICK_Config)
    HAL_TIMEx_Break2Callback                 0x08004a27   Thumb Code     2  stm32g4xx_hal_tim_ex.o(i.HAL_TIMEx_Break2Callback)
    HAL_TIMEx_BreakCallback                  0x08004a29   Thumb Code     2  stm32g4xx_hal_tim_ex.o(i.HAL_TIMEx_BreakCallback)
    HAL_TIMEx_CommutCallback                 0x08004a2b   Thumb Code     2  stm32g4xx_hal_tim_ex.o(i.HAL_TIMEx_CommutCallback)
    HAL_TIMEx_ConfigBreakDeadTime            0x08004a2d   Thumb Code   148  stm32g4xx_hal_tim_ex.o(i.HAL_TIMEx_ConfigBreakDeadTime)
    HAL_TIMEx_DirectionChangeCallback        0x08004ac9   Thumb Code     2  stm32g4xx_hal_tim_ex.o(i.HAL_TIMEx_DirectionChangeCallback)
    HAL_TIMEx_EncoderIndexCallback           0x08004acb   Thumb Code     2  stm32g4xx_hal_tim_ex.o(i.HAL_TIMEx_EncoderIndexCallback)
    HAL_TIMEx_IndexErrorCallback             0x08004acd   Thumb Code     2  stm32g4xx_hal_tim_ex.o(i.HAL_TIMEx_IndexErrorCallback)
    HAL_TIMEx_MasterConfigSynchronization    0x08004ad1   Thumb Code   132  stm32g4xx_hal_tim_ex.o(i.HAL_TIMEx_MasterConfigSynchronization)
    HAL_TIMEx_PWMN_Start                     0x08004b6d   Thumb Code   158  stm32g4xx_hal_tim_ex.o(i.HAL_TIMEx_PWMN_Start)
    HAL_TIMEx_TransitionErrorCallback        0x08004c25   Thumb Code     2  stm32g4xx_hal_tim_ex.o(i.HAL_TIMEx_TransitionErrorCallback)
    HAL_TIM_Base_Init                        0x08004c27   Thumb Code    98  stm32g4xx_hal_tim.o(i.HAL_TIM_Base_Init)
    HAL_TIM_Base_MspInit                     0x08004c89   Thumb Code    50  tim.o(i.HAL_TIM_Base_MspInit)
    HAL_TIM_Base_Start_IT                    0x08004cc1   Thumb Code    94  stm32g4xx_hal_tim.o(i.HAL_TIM_Base_Start_IT)
    HAL_TIM_ConfigClockSource                0x08004d39   Thumb Code   246  stm32g4xx_hal_tim.o(i.HAL_TIM_ConfigClockSource)
    HAL_TIM_IC_CaptureCallback               0x08004e39   Thumb Code     2  stm32g4xx_hal_tim.o(i.HAL_TIM_IC_CaptureCallback)
    HAL_TIM_IRQHandler                       0x08004e3b   Thumb Code   418  stm32g4xx_hal_tim.o(i.HAL_TIM_IRQHandler)
    HAL_TIM_MspPostInit                      0x08004fdd   Thumb Code   136  tim.o(i.HAL_TIM_MspPostInit)
    HAL_TIM_OC_DelayElapsedCallback          0x08005071   Thumb Code     2  stm32g4xx_hal_tim.o(i.HAL_TIM_OC_DelayElapsedCallback)
    HAL_TIM_PWM_ConfigChannel                0x08005073   Thumb Code   292  stm32g4xx_hal_tim.o(i.HAL_TIM_PWM_ConfigChannel)
    HAL_TIM_PWM_Init                         0x08005197   Thumb Code    98  stm32g4xx_hal_tim.o(i.HAL_TIM_PWM_Init)
    HAL_TIM_PWM_MspInit                      0x080051f9   Thumb Code    50  tim.o(i.HAL_TIM_PWM_MspInit)
    HAL_TIM_PWM_PulseFinishedCallback        0x08005235   Thumb Code     2  stm32g4xx_hal_tim.o(i.HAL_TIM_PWM_PulseFinishedCallback)
    HAL_TIM_PWM_Start                        0x08005239   Thumb Code   218  stm32g4xx_hal_tim.o(i.HAL_TIM_PWM_Start)
    HAL_TIM_PeriodElapsedCallback            0x08005335   Thumb Code    86  maintask.o(i.HAL_TIM_PeriodElapsedCallback)
    HAL_TIM_TriggerCallback                  0x080053a9   Thumb Code     2  stm32g4xx_hal_tim.o(i.HAL_TIM_TriggerCallback)
    HardFault_Handler                        0x080053ab   Thumb Code     2  stm32g4xx_it.o(i.HardFault_Handler)
    IIR_Butterworth                          0x080053ad   Thumb Code    78  fliter.o(i.IIR_Butterworth)
    MX_ADC1_Init                             0x080054a1   Thumb Code   208  adc.o(i.MX_ADC1_Init)
    MX_FDCAN1_Init                           0x08005581   Thumb Code    66  fdcan.o(i.MX_FDCAN1_Init)
    MX_GPIO_Init                             0x080055cd   Thumb Code   118  gpio.o(i.MX_GPIO_Init)
    MX_SPI1_Init                             0x0800564d   Thumb Code    72  spi.o(i.MX_SPI1_Init)
    MX_SPI3_Init                             0x0800569d   Thumb Code    70  spi.o(i.MX_SPI3_Init)
    MX_TIM1_Init                             0x080056ed   Thumb Code   234  tim.o(i.MX_TIM1_Init)
    MX_TIM2_Init                             0x080057e1   Thumb Code    98  tim.o(i.MX_TIM2_Init)
    MX_USB_Device_Init                       0x08005849   Thumb Code    66  usb_device.o(i.MX_USB_Device_Init)
    MemManage_Handler                        0x0800589d   Thumb Code     2  stm32g4xx_it.o(i.MemManage_Handler)
    NMI_Handler                              0x0800589f   Thumb Code     2  stm32g4xx_it.o(i.NMI_Handler)
    PID_Cal                                  0x08005be3   Thumb Code   142  pid.o(i.PID_Cal)
    PID_Init                                 0x08005c71   Thumb Code    46  pid.o(i.PID_Init)
    Param_Init                               0x08005ca5   Thumb Code   174  task_cfg.o(i.Param_Init)
    PendSV_Handler                           0x08005d9d   Thumb Code     2  stm32g4xx_it.o(i.PendSV_Handler)
    ReadFlashData                            0x08005da1   Thumb Code    22  flash.o(i.ReadFlashData)
    Read_lut_FromData                        0x08005dbd   Thumb Code    28  flash.o(i.Read_lut_FromData)
    Read_offset_FromData                     0x08005dd9   Thumb Code    12  flash.o(i.Read_offset_FromData)
    SVC_Handler                              0x08005fc5   Thumb Code     2  stm32g4xx_it.o(i.SVC_Handler)
    Speed_Cal                                0x08005fd1   Thumb Code   106  encoder.o(i.Speed_Cal)
    SysTick_Handler                          0x0800604d   Thumb Code     4  stm32g4xx_it.o(i.SysTick_Handler)
    SystemClock_Config                       0x08006051   Thumb Code   106  main.o(i.SystemClock_Config)
    SystemInit                               0x080060bd   Thumb Code    12  system_stm32g4xx.o(i.SystemInit)
    TIM1_UP_TIM16_IRQHandler                 0x080060cd   Thumb Code     6  stm32g4xx_it.o(i.TIM1_UP_TIM16_IRQHandler)
    TIM2_IRQHandler                          0x080060d9   Thumb Code     6  stm32g4xx_it.o(i.TIM2_IRQHandler)
    TIM_Base_SetConfig                       0x080060e5   Thumb Code   160  stm32g4xx_hal_tim.o(i.TIM_Base_SetConfig)
    TIM_CCxChannelCmd                        0x080061a1   Thumb Code    26  stm32g4xx_hal_tim.o(i.TIM_CCxChannelCmd)
    TIM_ETR_SetConfig                        0x080061d5   Thumb Code    20  stm32g4xx_hal_tim.o(i.TIM_ETR_SetConfig)
    TIM_OC2_SetConfig                        0x08006299   Thumb Code   120  stm32g4xx_hal_tim.o(i.TIM_OC2_SetConfig)
    Task_Init                                0x0800656f   Thumb Code    16  task_cfg.o(i.Task_Init)
    USBD_CDC_ConfigStrDescriptor             0x08006581   Thumb Code    16  usbd_desc.o(i.USBD_CDC_ConfigStrDescriptor)
    USBD_CDC_DeviceDescriptor                0x08006671   Thumb Code     8  usbd_desc.o(i.USBD_CDC_DeviceDescriptor)
    USBD_CDC_GetDeviceQualifierDescriptor    0x080066ad   Thumb Code     8  usbd_cdc.o(i.USBD_CDC_GetDeviceQualifierDescriptor)
    USBD_CDC_InterfaceStrDescriptor          0x08006781   Thumb Code    16  usbd_desc.o(i.USBD_CDC_InterfaceStrDescriptor)
    USBD_CDC_LangIDStrDescriptor             0x080067a5   Thumb Code     8  usbd_desc.o(i.USBD_CDC_LangIDStrDescriptor)
    USBD_CDC_ManufacturerStrDescriptor       0x080067b1   Thumb Code    16  usbd_desc.o(i.USBD_CDC_ManufacturerStrDescriptor)
    USBD_CDC_ProductStrDescriptor            0x080067d9   Thumb Code    16  usbd_desc.o(i.USBD_CDC_ProductStrDescriptor)
    USBD_CDC_ReceivePacket                   0x08006805   Thumb Code    40  usbd_cdc.o(i.USBD_CDC_ReceivePacket)
    USBD_CDC_RegisterInterface               0x0800682d   Thumb Code    14  usbd_cdc.o(i.USBD_CDC_RegisterInterface)
    USBD_CDC_SerialStrDescriptor             0x0800683d   Thumb Code    48  usbd_desc.o(i.USBD_CDC_SerialStrDescriptor)
    USBD_CDC_SetRxBuffer                     0x08006875   Thumb Code    18  usbd_cdc.o(i.USBD_CDC_SetRxBuffer)
    USBD_CDC_SetTxBuffer                     0x08006887   Thumb Code    22  usbd_cdc.o(i.USBD_CDC_SetTxBuffer)
    USBD_CDC_TransmitPacket                  0x0800695b   Thumb Code    54  usbd_cdc.o(i.USBD_CDC_TransmitPacket)
    USBD_ClrClassConfig                      0x08006991   Thumb Code    16  usbd_core.o(i.USBD_ClrClassConfig)
    USBD_CtlContinueRx                       0x080069a1   Thumb Code    16  usbd_ioreq.o(i.USBD_CtlContinueRx)
    USBD_CtlContinueSendData                 0x080069b1   Thumb Code    16  usbd_ioreq.o(i.USBD_CtlContinueSendData)
    USBD_CtlError                            0x080069c1   Thumb Code    22  usbd_ctlreq.o(i.USBD_CtlError)
    USBD_CtlPrepareRx                        0x080069d7   Thumb Code    30  usbd_ioreq.o(i.USBD_CtlPrepareRx)
    USBD_CtlReceiveStatus                    0x080069f5   Thumb Code    22  usbd_ioreq.o(i.USBD_CtlReceiveStatus)
    USBD_CtlSendData                         0x08006a0b   Thumb Code    26  usbd_ioreq.o(i.USBD_CtlSendData)
    USBD_CtlSendStatus                       0x08006a25   Thumb Code    22  usbd_ioreq.o(i.USBD_CtlSendStatus)
    USBD_GetString                           0x08006b35   Thumb Code    72  usbd_ctlreq.o(i.USBD_GetString)
    USBD_Init                                0x08006b95   Thumb Code    38  usbd_core.o(i.USBD_Init)
    USBD_LL_ClearStallEP                     0x08006bbb   Thumb Code    18  usbd_conf.o(i.USBD_LL_ClearStallEP)
    USBD_LL_CloseEP                          0x08006bcd   Thumb Code    18  usbd_conf.o(i.USBD_LL_CloseEP)
    USBD_LL_DataInStage                      0x08006bdf   Thumb Code   168  usbd_core.o(i.USBD_LL_DataInStage)
    USBD_LL_DataOutStage                     0x08006c87   Thumb Code   108  usbd_core.o(i.USBD_LL_DataOutStage)
    USBD_LL_GetRxDataSize                    0x08006cf3   Thumb Code     8  usbd_conf.o(i.USBD_LL_GetRxDataSize)
    USBD_LL_Init                             0x08006cfd   Thumb Code   124  usbd_conf.o(i.USBD_LL_Init)
    USBD_LL_IsStallEP                        0x08006d81   Thumb Code    30  usbd_conf.o(i.USBD_LL_IsStallEP)
    USBD_LL_OpenEP                           0x08006d9f   Thumb Code    24  usbd_conf.o(i.USBD_LL_OpenEP)
    USBD_LL_PrepareReceive                   0x08006db7   Thumb Code    18  usbd_conf.o(i.USBD_LL_PrepareReceive)
    USBD_LL_Reset                            0x08006dc9   Thumb Code    90  usbd_core.o(i.USBD_LL_Reset)
    USBD_LL_Resume                           0x08006e23   Thumb Code    20  usbd_core.o(i.USBD_LL_Resume)
    USBD_LL_SOF                              0x08006e37   Thumb Code    32  usbd_core.o(i.USBD_LL_SOF)
    USBD_LL_SetSpeed                         0x08006e57   Thumb Code     6  usbd_core.o(i.USBD_LL_SetSpeed)
    USBD_LL_SetUSBAddress                    0x08006e5d   Thumb Code    18  usbd_conf.o(i.USBD_LL_SetUSBAddress)
    USBD_LL_SetupStage                       0x08006e6f   Thumb Code    96  usbd_core.o(i.USBD_LL_SetupStage)
    USBD_LL_StallEP                          0x08006ecf   Thumb Code    18  usbd_conf.o(i.USBD_LL_StallEP)
    USBD_LL_Start                            0x08006ee1   Thumb Code    18  usbd_conf.o(i.USBD_LL_Start)
    USBD_LL_Suspend                          0x08006ef3   Thumb Code    18  usbd_core.o(i.USBD_LL_Suspend)
    USBD_LL_Transmit                         0x08006f05   Thumb Code    18  usbd_conf.o(i.USBD_LL_Transmit)
    USBD_ParseSetupRequest                   0x08006f17   Thumb Code    44  usbd_ctlreq.o(i.USBD_ParseSetupRequest)
    USBD_RegisterClass                       0x08006f43   Thumb Code    36  usbd_core.o(i.USBD_RegisterClass)
    USBD_SetClassConfig                      0x08006f67   Thumb Code    20  usbd_core.o(i.USBD_SetClassConfig)
    USBD_Start                               0x08007039   Thumb Code     4  usbd_core.o(i.USBD_Start)
    USBD_StdDevReq                           0x0800703d   Thumb Code   276  usbd_ctlreq.o(i.USBD_StdDevReq)
    USBD_StdEPReq                            0x08007151   Thumb Code   320  usbd_ctlreq.o(i.USBD_StdEPReq)
    USBD_StdItfReq                           0x08007291   Thumb Code    82  usbd_ctlreq.o(i.USBD_StdItfReq)
    USBD_static_free                         0x080072e3   Thumb Code     2  usbd_conf.o(i.USBD_static_free)
    USBD_static_malloc                       0x080072e5   Thumb Code     4  usbd_conf.o(i.USBD_static_malloc)
    USB_ActivateEndpoint                     0x080072ed   Thumb Code   874  stm32g4xx_ll_usb.o(i.USB_ActivateEndpoint)
    USB_DeactivateEndpoint                   0x08007657   Thumb Code   270  stm32g4xx_ll_usb.o(i.USB_DeactivateEndpoint)
    USB_DevConnect                           0x08007765   Thumb Code    14  stm32g4xx_ll_usb.o(i.USB_DevConnect)
    USB_DevInit                              0x08007773   Thumb Code    18  stm32g4xx_ll_usb.o(i.USB_DevInit)
    USB_DisableGlobalInt                     0x08007785   Thumb Code    16  stm32g4xx_ll_usb.o(i.USB_DisableGlobalInt)
    USB_EPClearStall                         0x08007795   Thumb Code   112  stm32g4xx_ll_usb.o(i.USB_EPClearStall)
    USB_EPSetStall                           0x08007805   Thumb Code    50  stm32g4xx_ll_usb.o(i.USB_EPSetStall)
    USB_EPStartXfer                          0x08007839   Thumb Code   878  stm32g4xx_ll_usb.o(i.USB_EPStartXfer)
    USB_EnableGlobalInt                      0x08007ba7   Thumb Code    18  stm32g4xx_ll_usb.o(i.USB_EnableGlobalInt)
    USB_LP_IRQHandler                        0x08007bb9   Thumb Code     6  stm32g4xx_it.o(i.USB_LP_IRQHandler)
    USB_ReadInterrupts                       0x08007bc5   Thumb Code     6  stm32g4xx_ll_usb.o(i.USB_ReadInterrupts)
    USB_ReadPMA                              0x08007bcb   Thumb Code    40  stm32g4xx_ll_usb.o(i.USB_ReadPMA)
    USB_SetDevAddress                        0x08007bf3   Thumb Code    12  stm32g4xx_ll_usb.o(i.USB_SetDevAddress)
    USB_WritePMA                             0x08007c01   Thumb Code    38  stm32g4xx_ll_usb.o(i.USB_WritePMA)
    UsageFault_Handler                       0x08007c27   Thumb Code     2  stm32g4xx_it.o(i.UsageFault_Handler)
    WS2812_BreathEffect_Smooth               0x08007c29   Thumb Code   160  ws2812.o(i.WS2812_BreathEffect_Smooth)
    WS2812_Breathing_Param_Init              0x08007cd5   Thumb Code    50  ws2812.o(i.WS2812_Breathing_Param_Init)
    WS2812_Ctrl                              0x08007d09   Thumb Code   148  ws2812.o(i.WS2812_Ctrl)
    __ARM_fpclassify                         0x08007da1   Thumb Code    48  fpclassify.o(i.__ARM_fpclassify)
    __ARM_fpclassifyf                        0x08007dd1   Thumb Code    38  fpclassifyf.o(i.__ARM_fpclassifyf)
    __hardfp_sinf                            0x08007e19   Thumb Code   344  sinf.o(i.__hardfp_sinf)
    __mathlib_flt_infnan                     0x08007fa9   Thumb Code     6  funder.o(i.__mathlib_flt_infnan)
    __mathlib_flt_invalid                    0x08007fb1   Thumb Code    10  funder.o(i.__mathlib_flt_invalid)
    __mathlib_flt_underflow                  0x08007fc1   Thumb Code    10  funder.o(i.__mathlib_flt_underflow)
    __mathlib_rredf2                         0x08007fd1   Thumb Code   316  rredf.o(i.__mathlib_rredf2)
    _is_digit                                0x08008125   Thumb Code    14  __printf_wp.o(i._is_digit)
    main                                     0x08008135   Thumb Code    86  main.o(i.main)
    usbvcom_printf                           0x0800819d   Thumb Code    30  usbd_cdc_if.o(i.usbvcom_printf)
    _get_lc_numeric                          0x080081c1   Thumb Code    44  lc_numeric_c.o(locale$$code)
    _get_lc_ctype                            0x080081ed   Thumb Code    44  lc_ctype_c.o(locale$$code)
    __fpl_dretinf                            0x08008219   Thumb Code    12  dretinf.o(x$fpl$dretinf)
    __aeabi_f2d                              0x08008225   Thumb Code     0  f2d.o(x$fpl$f2d)
    _f2d                                     0x08008225   Thumb Code    86  f2d.o(x$fpl$f2d)
    __fpl_fnaninf                            0x0800827b   Thumb Code   140  fnaninf.o(x$fpl$fnaninf)
    _fp_init                                 0x08008307   Thumb Code    10  fpinit.o(x$fpl$fpinit)
    __fplib_config_fpu_vfp                   0x0800830f   Thumb Code     0  fpinit.o(x$fpl$fpinit)
    __fplib_config_pureend_doubles           0x0800830f   Thumb Code     0  fpinit.o(x$fpl$fpinit)
    _printf_fp_dec                           0x08008311   Thumb Code     4  printf1.o(x$fpl$printf1)
    _printf_fp_hex                           0x08008315   Thumb Code     4  printf2.o(x$fpl$printf2)
    AHBPrescTable                            0x08008318   Data          16  system_stm32g4xx.o(.constdata)
    __I$use$fp                               0x08008318   Number         0  usenofp.o(x$fpl$usenofp)
    Region$$Table$$Base                      0x08008448   Number         0  anon$$obj.o(Region$$Table)
    Region$$Table$$Limit                     0x08008468   Number         0  anon$$obj.o(Region$$Table)
    __ctype                                  0x08008491   Data           0  lc_ctype_c.o(locale$$data)
    uwTickPrio                               0x20000000   Data           4  stm32g4xx_hal.o(.data)
    uwTickFreq                               0x20000004   Data           4  stm32g4xx_hal.o(.data)
    uwTick                                   0x20000008   Data           4  stm32g4xx_hal.o(.data)
    SystemCoreClock                          0x2000000c   Data           4  system_stm32g4xx.o(.data)
    trg_pos                                  0x20000010   Data           4  maintask.o(.data)
    encoder_offset                           0x20000014   Data           2  task_cfg.o(.data)
    CDC_Desc                                 0x20000018   Data          32  usbd_desc.o(.data)
    USBD_LangIDDesc                          0x20000038   Data           4  usbd_desc.o(.data)
    USBD_CDC_DeviceDesc                      0x2000003c   Data          18  usbd_desc.o(.data)
    USBD_StringSerial                        0x20000050   Data          26  usbd_desc.o(.data)
    USBD_Interface_fops_FS                   0x2000006c   Data          20  usbd_cdc_if.o(.data)
    USBD_CDC                                 0x2000015c   Data          56  usbd_cdc.o(.data)
    hadc1                                    0x20000194   Data         108  adc.o(.bss)
    hfdcan1                                  0x20000200   Data         100  fdcan.o(.bss)
    hspi1                                    0x20000264   Data         100  spi.o(.bss)
    hspi3                                    0x200002c8   Data         100  spi.o(.bss)
    htim1                                    0x2000032c   Data          76  tim.o(.bss)
    htim2                                    0x20000378   Data          76  tim.o(.bss)
    foc                                      0x200003c4   Data         124  foc.o(.bss)
    Iqd_PI                                   0x20000440   Data          76  pid.o(.bss)
    Speed_PID                                0x2000048c   Data          44  pid.o(.bss)
    Pos_PID                                  0x200004b8   Data          44  pid.o(.bss)
    flash_data                               0x200004e4   Data         520  task_cfg.o(.bss)
    offset_lut                               0x200006ec   Data         512  task_cfg.o(.bss)
    speed                                    0x200008ec   Data          12  encoder.o(.bss)
    ws2812                                   0x200008f8   Data          36  ws2812.o(.bss)
    Rpm_IIR_LPF                              0x2000091c   Data          40  fliter.o(.bss)
    Va_IIR_LPF                               0x20000944   Data          40  fliter.o(.bss)
    Vb_IIR_LPF                               0x2000096c   Data          40  fliter.o(.bss)
    SmoWe_IIR_LPF                            0x20000994   Data          40  fliter.o(.bss)
    hpcd_USB_FS                              0x20000bdc   Data         732  usbd_conf.o(.bss)
    hUsbDeviceFS                             0x20000eb8   Data         720  usb_device.o(.bss)
    USBD_StrDesc                             0x20001188   Data         512  usbd_desc.o(.bss)
    UserRxBufferFS                           0x20001388   Data        1024  usbd_cdc_if.o(.bss)
    UserTxBufferFS                           0x20001788   Data        1024  usbd_cdc_if.o(.bss)
    usbtemp                                  0x20001b88   Data          64  usbd_cdc_if.o(.bss)
    __libspace_start                         0x20001bc8   Data          96  libspace.o(.bss)
    __temporary_stack_top$libspace           0x20001c28   Data           0  libspace.o(.bss)



==============================================================================

Memory Map of the image

  Image Entry point : 0x080001d9

  Load Region LR_IROM1 (Base: 0x08000000, Size: 0x00008728, Max: 0x00020000, ABSOLUTE, COMPRESSED[0x0000865c])

    Execution Region ER_IROM1 (Exec base: 0x08000000, Load base: 0x08000000, Size: 0x00008594, Max: 0x00020000, ABSOLUTE)

    Exec Addr    Load Addr    Size         Type   Attr      Idx    E Section Name        Object

    0x08000000   0x08000000   0x000001d8   Data   RO            3    RESET               startup_stm32g431xx.o
    0x080001d8   0x080001d8   0x00000008   Code   RO         6549  * !!!main             c_w.l(__main.o)
    0x080001e0   0x080001e0   0x00000034   Code   RO         6944    !!!scatter          c_w.l(__scatter.o)
    0x08000214   0x08000214   0x0000005a   Code   RO         6942    !!dczerorl2         c_w.l(__dczerorl2.o)
    0x0800026e   0x0800026e   0x00000002   PAD
    0x08000270   0x08000270   0x0000001c   Code   RO         6946    !!handler_zi        c_w.l(__scatter_zi.o)
    0x0800028c   0x0800028c   0x00000000   Code   RO         6675    .ARM.Collect$$_printf_percent$$00000000  c_w.l(_printf_percent.o)
    0x0800028c   0x0800028c   0x00000006   Code   RO         6664    .ARM.Collect$$_printf_percent$$00000001  c_w.l(_printf_n.o)
    0x08000292   0x08000292   0x00000006   Code   RO         6666    .ARM.Collect$$_printf_percent$$00000002  c_w.l(_printf_p.o)
    0x08000298   0x08000298   0x00000006   Code   RO         6671    .ARM.Collect$$_printf_percent$$00000003  c_w.l(_printf_f.o)
    0x0800029e   0x0800029e   0x00000006   Code   RO         6672    .ARM.Collect$$_printf_percent$$00000004  c_w.l(_printf_e.o)
    0x080002a4   0x080002a4   0x00000006   Code   RO         6673    .ARM.Collect$$_printf_percent$$00000005  c_w.l(_printf_g.o)
    0x080002aa   0x080002aa   0x00000006   Code   RO         6674    .ARM.Collect$$_printf_percent$$00000006  c_w.l(_printf_a.o)
    0x080002b0   0x080002b0   0x0000000a   Code   RO         6679    .ARM.Collect$$_printf_percent$$00000007  c_w.l(_printf_ll.o)
    0x080002ba   0x080002ba   0x00000006   Code   RO         6668    .ARM.Collect$$_printf_percent$$00000008  c_w.l(_printf_i.o)
    0x080002c0   0x080002c0   0x00000006   Code   RO         6669    .ARM.Collect$$_printf_percent$$00000009  c_w.l(_printf_d.o)
    0x080002c6   0x080002c6   0x00000006   Code   RO         6670    .ARM.Collect$$_printf_percent$$0000000A  c_w.l(_printf_u.o)
    0x080002cc   0x080002cc   0x00000006   Code   RO         6667    .ARM.Collect$$_printf_percent$$0000000B  c_w.l(_printf_o.o)
    0x080002d2   0x080002d2   0x00000006   Code   RO         6665    .ARM.Collect$$_printf_percent$$0000000C  c_w.l(_printf_x.o)
    0x080002d8   0x080002d8   0x00000006   Code   RO         6676    .ARM.Collect$$_printf_percent$$0000000D  c_w.l(_printf_lli.o)
    0x080002de   0x080002de   0x00000006   Code   RO         6677    .ARM.Collect$$_printf_percent$$0000000E  c_w.l(_printf_lld.o)
    0x080002e4   0x080002e4   0x00000006   Code   RO         6678    .ARM.Collect$$_printf_percent$$0000000F  c_w.l(_printf_llu.o)
    0x080002ea   0x080002ea   0x00000006   Code   RO         6683    .ARM.Collect$$_printf_percent$$00000010  c_w.l(_printf_llo.o)
    0x080002f0   0x080002f0   0x00000006   Code   RO         6684    .ARM.Collect$$_printf_percent$$00000011  c_w.l(_printf_llx.o)
    0x080002f6   0x080002f6   0x0000000a   Code   RO         6680    .ARM.Collect$$_printf_percent$$00000012  c_w.l(_printf_l.o)
    0x08000300   0x08000300   0x00000006   Code   RO         6662    .ARM.Collect$$_printf_percent$$00000013  c_w.l(_printf_c.o)
    0x08000306   0x08000306   0x00000006   Code   RO         6663    .ARM.Collect$$_printf_percent$$00000014  c_w.l(_printf_s.o)
    0x0800030c   0x0800030c   0x00000006   Code   RO         6681    .ARM.Collect$$_printf_percent$$00000015  c_w.l(_printf_lc.o)
    0x08000312   0x08000312   0x00000006   Code   RO         6682    .ARM.Collect$$_printf_percent$$00000016  c_w.l(_printf_ls.o)
    0x08000318   0x08000318   0x00000004   Code   RO         6754    .ARM.Collect$$_printf_percent$$00000017  c_w.l(_printf_percent_end.o)
    0x0800031c   0x0800031c   0x00000002   Code   RO         6806    .ARM.Collect$$libinit$$00000000  c_w.l(libinit.o)
    0x0800031e   0x0800031e   0x00000004   Code   RO         6818    .ARM.Collect$$libinit$$00000001  c_w.l(libinit2.o)
    0x08000322   0x08000322   0x00000000   Code   RO         6821    .ARM.Collect$$libinit$$00000004  c_w.l(libinit2.o)
    0x08000322   0x08000322   0x00000000   Code   RO         6824    .ARM.Collect$$libinit$$0000000A  c_w.l(libinit2.o)
    0x08000322   0x08000322   0x00000000   Code   RO         6826    .ARM.Collect$$libinit$$0000000C  c_w.l(libinit2.o)
    0x08000322   0x08000322   0x00000000   Code   RO         6828    .ARM.Collect$$libinit$$0000000E  c_w.l(libinit2.o)
    0x08000322   0x08000322   0x00000006   Code   RO         6829    .ARM.Collect$$libinit$$0000000F  c_w.l(libinit2.o)
    0x08000328   0x08000328   0x00000000   Code   RO         6831    .ARM.Collect$$libinit$$00000011  c_w.l(libinit2.o)
    0x08000328   0x08000328   0x0000000c   Code   RO         6832    .ARM.Collect$$libinit$$00000012  c_w.l(libinit2.o)
    0x08000334   0x08000334   0x00000000   Code   RO         6833    .ARM.Collect$$libinit$$00000013  c_w.l(libinit2.o)
    0x08000334   0x08000334   0x00000000   Code   RO         6835    .ARM.Collect$$libinit$$00000015  c_w.l(libinit2.o)
    0x08000334   0x08000334   0x0000000a   Code   RO         6836    .ARM.Collect$$libinit$$00000016  c_w.l(libinit2.o)
    0x0800033e   0x0800033e   0x00000000   Code   RO         6837    .ARM.Collect$$libinit$$00000017  c_w.l(libinit2.o)
    0x0800033e   0x0800033e   0x00000000   Code   RO         6839    .ARM.Collect$$libinit$$00000019  c_w.l(libinit2.o)
    0x0800033e   0x0800033e   0x00000000   Code   RO         6841    .ARM.Collect$$libinit$$0000001B  c_w.l(libinit2.o)
    0x0800033e   0x0800033e   0x00000000   Code   RO         6843    .ARM.Collect$$libinit$$0000001D  c_w.l(libinit2.o)
    0x0800033e   0x0800033e   0x00000000   Code   RO         6845    .ARM.Collect$$libinit$$0000001F  c_w.l(libinit2.o)
    0x0800033e   0x0800033e   0x00000000   Code   RO         6847    .ARM.Collect$$libinit$$00000021  c_w.l(libinit2.o)
    0x0800033e   0x0800033e   0x00000000   Code   RO         6849    .ARM.Collect$$libinit$$00000023  c_w.l(libinit2.o)
    0x0800033e   0x0800033e   0x00000000   Code   RO         6851    .ARM.Collect$$libinit$$00000025  c_w.l(libinit2.o)
    0x0800033e   0x0800033e   0x00000000   Code   RO         6855    .ARM.Collect$$libinit$$0000002C  c_w.l(libinit2.o)
    0x0800033e   0x0800033e   0x00000000   Code   RO         6857    .ARM.Collect$$libinit$$0000002E  c_w.l(libinit2.o)
    0x0800033e   0x0800033e   0x00000000   Code   RO         6859    .ARM.Collect$$libinit$$00000030  c_w.l(libinit2.o)
    0x0800033e   0x0800033e   0x00000000   Code   RO         6861    .ARM.Collect$$libinit$$00000032  c_w.l(libinit2.o)
    0x0800033e   0x0800033e   0x00000002   Code   RO         6862    .ARM.Collect$$libinit$$00000033  c_w.l(libinit2.o)
    0x08000340   0x08000340   0x00000002   Code   RO         6882    .ARM.Collect$$libshutdown$$00000000  c_w.l(libshutdown.o)
    0x08000342   0x08000342   0x00000000   Code   RO         6895    .ARM.Collect$$libshutdown$$00000002  c_w.l(libshutdown2.o)
    0x08000342   0x08000342   0x00000000   Code   RO         6897    .ARM.Collect$$libshutdown$$00000004  c_w.l(libshutdown2.o)
    0x08000342   0x08000342   0x00000000   Code   RO         6900    .ARM.Collect$$libshutdown$$00000007  c_w.l(libshutdown2.o)
    0x08000342   0x08000342   0x00000000   Code   RO         6903    .ARM.Collect$$libshutdown$$0000000A  c_w.l(libshutdown2.o)
    0x08000342   0x08000342   0x00000000   Code   RO         6905    .ARM.Collect$$libshutdown$$0000000C  c_w.l(libshutdown2.o)
    0x08000342   0x08000342   0x00000000   Code   RO         6908    .ARM.Collect$$libshutdown$$0000000F  c_w.l(libshutdown2.o)
    0x08000342   0x08000342   0x00000002   Code   RO         6909    .ARM.Collect$$libshutdown$$00000010  c_w.l(libshutdown2.o)
    0x08000344   0x08000344   0x00000000   Code   RO         6589    .ARM.Collect$$rtentry$$00000000  c_w.l(__rtentry.o)
    0x08000344   0x08000344   0x00000000   Code   RO         6720    .ARM.Collect$$rtentry$$00000002  c_w.l(__rtentry2.o)
    0x08000344   0x08000344   0x00000006   Code   RO         6732    .ARM.Collect$$rtentry$$00000004  c_w.l(__rtentry4.o)
    0x0800034a   0x0800034a   0x00000000   Code   RO         6722    .ARM.Collect$$rtentry$$00000009  c_w.l(__rtentry2.o)
    0x0800034a   0x0800034a   0x00000004   Code   RO         6723    .ARM.Collect$$rtentry$$0000000A  c_w.l(__rtentry2.o)
    0x0800034e   0x0800034e   0x00000000   Code   RO         6725    .ARM.Collect$$rtentry$$0000000C  c_w.l(__rtentry2.o)
    0x0800034e   0x0800034e   0x00000008   Code   RO         6726    .ARM.Collect$$rtentry$$0000000D  c_w.l(__rtentry2.o)
    0x08000356   0x08000356   0x00000002   Code   RO         6811    .ARM.Collect$$rtexit$$00000000  c_w.l(rtexit.o)
    0x08000358   0x08000358   0x00000000   Code   RO         6864    .ARM.Collect$$rtexit$$00000002  c_w.l(rtexit2.o)
    0x08000358   0x08000358   0x00000004   Code   RO         6865    .ARM.Collect$$rtexit$$00000003  c_w.l(rtexit2.o)
    0x0800035c   0x0800035c   0x00000006   Code   RO         6866    .ARM.Collect$$rtexit$$00000004  c_w.l(rtexit2.o)
    0x08000362   0x08000362   0x00000002   PAD
    0x08000364   0x08000364   0x00000040   Code   RO            4    .text               startup_stm32g431xx.o
    0x080003a4   0x080003a4   0x00000034   Code   RO         6539    .text               c_w.l(vsnprintf.o)
    0x080003d8   0x080003d8   0x0000004e   Code   RO         6545    .text               c_w.l(rt_memclr_w.o)
    0x08000426   0x08000426   0x00000006   Code   RO         6547    .text               c_w.l(heapauxi.o)
    0x0800042c   0x0800042c   0x00000016   Code   RO         6590    .text               c_w.l(_rserrno.o)
    0x08000442   0x08000442   0x0000004e   Code   RO         6594    .text               c_w.l(_printf_pad.o)
    0x08000490   0x08000490   0x00000024   Code   RO         6596    .text               c_w.l(_printf_truncate.o)
    0x080004b4   0x080004b4   0x00000052   Code   RO         6598    .text               c_w.l(_printf_str.o)
    0x08000506   0x08000506   0x00000002   PAD
    0x08000508   0x08000508   0x00000078   Code   RO         6600    .text               c_w.l(_printf_dec.o)
    0x08000580   0x08000580   0x00000028   Code   RO         6602    .text               c_w.l(_printf_charcount.o)
    0x080005a8   0x080005a8   0x00000030   Code   RO         6604    .text               c_w.l(_printf_char_common.o)
    0x080005d8   0x080005d8   0x0000000a   Code   RO         6606    .text               c_w.l(_sputc.o)
    0x080005e2   0x080005e2   0x00000010   Code   RO         6608    .text               c_w.l(_snputc.o)
    0x080005f2   0x080005f2   0x00000002   PAD
    0x080005f4   0x080005f4   0x000000bc   Code   RO         6610    .text               c_w.l(_printf_wctomb.o)
    0x080006b0   0x080006b0   0x0000007c   Code   RO         6613    .text               c_w.l(_printf_longlong_dec.o)
    0x0800072c   0x0800072c   0x00000070   Code   RO         6619    .text               c_w.l(_printf_oct_int_ll.o)
    0x0800079c   0x0800079c   0x00000094   Code   RO         6639    .text               c_w.l(_printf_hex_int_ll_ptr.o)
    0x08000830   0x08000830   0x00000188   Code   RO         6659    .text               c_w.l(__printf_flags_ss_wp.o)
    0x080009b8   0x080009b8   0x00000008   Code   RO         6737    .text               c_w.l(rt_errno_addr_intlibspace.o)
    0x080009c0   0x080009c0   0x0000008a   Code   RO         6739    .text               c_w.l(lludiv10.o)
    0x08000a4a   0x08000a4a   0x000000b2   Code   RO         6741    .text               c_w.l(_printf_intcommon.o)
    0x08000afc   0x08000afc   0x0000041e   Code   RO         6743    .text               c_w.l(_printf_fp_dec.o)
    0x08000f1a   0x08000f1a   0x00000002   PAD
    0x08000f1c   0x08000f1c   0x000002fc   Code   RO         6745    .text               c_w.l(_printf_fp_hex.o)
    0x08001218   0x08001218   0x0000002c   Code   RO         6750    .text               c_w.l(_printf_char.o)
    0x08001244   0x08001244   0x0000002c   Code   RO         6752    .text               c_w.l(_printf_wchar.o)
    0x08001270   0x08001270   0x00000040   Code   RO         6755    .text               c_w.l(_wcrtomb.o)
    0x080012b0   0x080012b0   0x00000008   Code   RO         6757    .text               c_w.l(libspace.o)
    0x080012b8   0x080012b8   0x0000004a   Code   RO         6760    .text               c_w.l(sys_stackheap_outer.o)
    0x08001302   0x08001302   0x00000002   PAD
    0x08001304   0x08001304   0x00000010   Code   RO         6762    .text               c_w.l(rt_ctype_table.o)
    0x08001314   0x08001314   0x00000008   Code   RO         6767    .text               c_w.l(rt_locale_intlibspace.o)
    0x0800131c   0x0800131c   0x00000080   Code   RO         6769    .text               c_w.l(_printf_fp_infnan.o)
    0x0800139c   0x0800139c   0x000000e4   Code   RO         6771    .text               c_w.l(bigflt0.o)
    0x08001480   0x08001480   0x00000012   Code   RO         6799    .text               c_w.l(exit.o)
    0x08001492   0x08001492   0x00000002   PAD
    0x08001494   0x08001494   0x00000080   Code   RO         6816    .text               c_w.l(strcmpv7m.o)
    0x08001514   0x08001514   0x0000000c   Code   RO         6874    .text               c_w.l(sys_exit.o)
    0x08001520   0x08001520   0x00000002   Code   RO         6885    .text               c_w.l(use_no_semi.o)
    0x08001522   0x08001522   0x00000000   Code   RO         6887    .text               c_w.l(indicate_semi.o)
    0x08001522   0x08001522   0x0000003e   Code   RO         6774    CL$$btod_d2e        c_w.l(btod.o)
    0x08001560   0x08001560   0x00000046   Code   RO         6776    CL$$btod_d2e_denorm_low  c_w.l(btod.o)
    0x080015a6   0x080015a6   0x00000060   Code   RO         6775    CL$$btod_d2e_norm_op1  c_w.l(btod.o)
    0x08001606   0x08001606   0x00000338   Code   RO         6784    CL$$btod_div_common  c_w.l(btod.o)
    0x0800193e   0x0800193e   0x000000dc   Code   RO         6781    CL$$btod_e2e        c_w.l(btod.o)
    0x08001a1a   0x08001a1a   0x0000002a   Code   RO         6778    CL$$btod_ediv       c_w.l(btod.o)
    0x08001a44   0x08001a44   0x0000002a   Code   RO         6777    CL$$btod_emul       c_w.l(btod.o)
    0x08001a6e   0x08001a6e   0x00000244   Code   RO         6783    CL$$btod_mult_common  c_w.l(btod.o)
    0x08001cb2   0x08001cb2   0x00000002   PAD
    0x08001cb4   0x08001cb4   0x0000000c   Code   RO          474    i.ADC1_2_IRQHandler  stm32g4xx_it.o
    0x08001cc0   0x08001cc0   0x000000ac   Code   RO         2555    i.ADC_Enable        stm32g4xx_hal_adc.o
    0x08001d6c   0x08001d6c   0x0000005c   Code   RO         5138    i.Bsp_Init          task_cfg.o
    0x08001dc8   0x08001dc8   0x00000002   Code   RO          475    i.BusFault_Handler  stm32g4xx_it.o
    0x08001dca   0x08001dca   0x00000004   Code   RO         5979    i.CDC_Control_FS    usbd_cdc_if.o
    0x08001dce   0x08001dce   0x00000004   Code   RO         5980    i.CDC_DeInit_FS     usbd_cdc_if.o
    0x08001dd2   0x08001dd2   0x00000002   PAD
    0x08001dd4   0x08001dd4   0x00000024   Code   RO         5981    i.CDC_Init_FS       usbd_cdc_if.o
    0x08001df8   0x08001df8   0x00000018   Code   RO         5982    i.CDC_Receive_FS    usbd_cdc_if.o
    0x08001e10   0x08001e10   0x00000004   Code   RO         5983    i.CDC_TransmitCplt_FS  usbd_cdc_if.o
    0x08001e14   0x08001e14   0x0000002c   Code   RO         5984    i.CDC_Transmit_FS   usbd_cdc_if.o
    0x08001e40   0x08001e40   0x00000038   Code   RO         5088    i.Curr_PI_Param_VoltCircLInit  pid.o
    0x08001e78   0x08001e78   0x00000002   Code   RO          476    i.DebugMon_Handler  stm32g4xx_it.o
    0x08001e7a   0x08001e7a   0x00000004   Code   RO           13    i.Error_Handler     main.o
    0x08001e7e   0x08001e7e   0x0000000a   Code   RO         4926    i.FocParamInit      foc.o
    0x08001e88   0x08001e88   0x00000002   Code   RO         2792    i.HAL_ADCEx_EndOfSamplingCallback  stm32g4xx_hal_adc_ex.o
    0x08001e8a   0x08001e8a   0x00000002   PAD
    0x08001e8c   0x08001e8c   0x00000518   Code   RO         2794    i.HAL_ADCEx_InjectedConfigChannel  stm32g4xx_hal_adc_ex.o
    0x080023a4   0x080023a4   0x000000c8   Code   RO         5023    i.HAL_ADCEx_InjectedConvCpltCallback  maintask.o
    0x0800246c   0x0800246c   0x0000002e   Code   RO         2796    i.HAL_ADCEx_InjectedGetValue  stm32g4xx_hal_adc_ex.o
    0x0800249a   0x0800249a   0x00000002   Code   RO         2798    i.HAL_ADCEx_InjectedQueueOverflowCallback  stm32g4xx_hal_adc_ex.o
    0x0800249c   0x0800249c   0x00000128   Code   RO         2800    i.HAL_ADCEx_InjectedStart_IT  stm32g4xx_hal_adc_ex.o
    0x080025c4   0x080025c4   0x00000002   Code   RO         2803    i.HAL_ADCEx_LevelOutOfWindow2Callback  stm32g4xx_hal_adc_ex.o
    0x080025c6   0x080025c6   0x00000002   Code   RO         2804    i.HAL_ADCEx_LevelOutOfWindow3Callback  stm32g4xx_hal_adc_ex.o
    0x080025c8   0x080025c8   0x000000d8   Code   RO         2805    i.HAL_ADCEx_MultiModeConfigChannel  stm32g4xx_hal_adc_ex.o
    0x080026a0   0x080026a0   0x00000002   Code   RO         2558    i.HAL_ADC_ConvCpltCallback  stm32g4xx_hal_adc.o
    0x080026a2   0x080026a2   0x00000002   Code   RO         2561    i.HAL_ADC_ErrorCallback  stm32g4xx_hal_adc.o
    0x080026a4   0x080026a4   0x0000026c   Code   RO         2565    i.HAL_ADC_IRQHandler  stm32g4xx_hal_adc.o
    0x08002910   0x08002910   0x000001f4   Code   RO         2566    i.HAL_ADC_Init      stm32g4xx_hal_adc.o
    0x08002b04   0x08002b04   0x00000002   Code   RO         2567    i.HAL_ADC_LevelOutOfWindowCallback  stm32g4xx_hal_adc.o
    0x08002b06   0x08002b06   0x00000002   PAD
    0x08002b08   0x08002b08   0x00000084   Code   RO          277    i.HAL_ADC_MspInit   adc.o
    0x08002b8c   0x08002b8c   0x00000178   Code   RO         2575    i.HAL_ADC_Start_IT  stm32g4xx_hal_adc.o
    0x08002d04   0x08002d04   0x00000204   Code   RO         3041    i.HAL_FDCAN_Init    stm32g4xx_hal_fdcan.o
    0x08002f08   0x08002f08   0x00000080   Code   RO          319    i.HAL_FDCAN_MspInit  fdcan.o
    0x08002f88   0x08002f88   0x00000248   Code   RO         1761    i.HAL_GPIO_Init     stm32g4xx_hal_gpio.o
    0x080031d0   0x080031d0   0x0000000a   Code   RO         1765    i.HAL_GPIO_WritePin  stm32g4xx_hal_gpio.o
    0x080031da   0x080031da   0x00000002   PAD
    0x080031dc   0x080031dc   0x0000000c   Code   RO         1056    i.HAL_GetTick       stm32g4xx_hal.o
    0x080031e8   0x080031e8   0x00000010   Code   RO         1062    i.HAL_IncTick       stm32g4xx_hal.o
    0x080031f8   0x080031f8   0x0000001e   Code   RO         1063    i.HAL_Init          stm32g4xx_hal.o
    0x08003216   0x08003216   0x00000002   PAD
    0x08003218   0x08003218   0x00000044   Code   RO         1064    i.HAL_InitTick      stm32g4xx_hal.o
    0x0800325c   0x0800325c   0x00000030   Code   RO          574    i.HAL_MspInit       stm32g4xx_hal_msp.o
    0x0800328c   0x0800328c   0x0000001a   Code   RO         2410    i.HAL_NVIC_EnableIRQ  stm32g4xx_hal_cortex.o
    0x080032a6   0x080032a6   0x00000002   PAD
    0x080032a8   0x080032a8   0x00000040   Code   RO         2416    i.HAL_NVIC_SetPriority  stm32g4xx_hal_cortex.o
    0x080032e8   0x080032e8   0x00000024   Code   RO         2417    i.HAL_NVIC_SetPriorityGrouping  stm32g4xx_hal_cortex.o
    0x0800330c   0x0800330c   0x00000024   Code   RO          830    i.HAL_PCDEx_ActivateLPM  stm32g4xx_hal_pcd_ex.o
    0x08003330   0x08003330   0x00000044   Code   RO         5659    i.HAL_PCDEx_LPM_Callback  usbd_conf.o
    0x08003374   0x08003374   0x0000003c   Code   RO          836    i.HAL_PCDEx_PMAConfig  stm32g4xx_hal_pcd_ex.o
    0x080033b0   0x080033b0   0x00000012   Code   RO         5661    i.HAL_PCD_DataInStageCallback  usbd_conf.o
    0x080033c2   0x080033c2   0x00000014   Code   RO         5662    i.HAL_PCD_DataOutStageCallback  usbd_conf.o
    0x080033d6   0x080033d6   0x0000004a   Code   RO          608    i.HAL_PCD_EP_Close  stm32g4xx_hal_pcd.o
    0x08003420   0x08003420   0x0000005a   Code   RO          609    i.HAL_PCD_EP_ClrStall  stm32g4xx_hal_pcd.o
    0x0800347a   0x0800347a   0x000000dc   Code   RO          610    i.HAL_PCD_EP_DB_Receive  stm32g4xx_hal_pcd.o
    0x08003556   0x08003556   0x00000380   Code   RO          611    i.HAL_PCD_EP_DB_Transmit  stm32g4xx_hal_pcd.o
    0x080038d6   0x080038d6   0x00000012   Code   RO          613    i.HAL_PCD_EP_GetRxCount  stm32g4xx_hal_pcd.o
    0x080038e8   0x080038e8   0x0000005c   Code   RO          614    i.HAL_PCD_EP_Open   stm32g4xx_hal_pcd.o
    0x08003944   0x08003944   0x0000002e   Code   RO          615    i.HAL_PCD_EP_Receive  stm32g4xx_hal_pcd.o
    0x08003972   0x08003972   0x0000005e   Code   RO          616    i.HAL_PCD_EP_SetStall  stm32g4xx_hal_pcd.o
    0x080039d0   0x080039d0   0x0000002e   Code   RO          617    i.HAL_PCD_EP_Transmit  stm32g4xx_hal_pcd.o
    0x080039fe   0x080039fe   0x0000014a   Code   RO          619    i.HAL_PCD_IRQHandler  stm32g4xx_hal_pcd.o
    0x08003b48   0x08003b48   0x0000009c   Code   RO          622    i.HAL_PCD_Init      stm32g4xx_hal_pcd.o
    0x08003be4   0x08003be4   0x00000058   Code   RO         5667    i.HAL_PCD_MspInit   usbd_conf.o
    0x08003c3c   0x08003c3c   0x00000026   Code   RO         5668    i.HAL_PCD_ResetCallback  usbd_conf.o
    0x08003c62   0x08003c62   0x00000002   PAD
    0x08003c64   0x08003c64   0x00000028   Code   RO         5669    i.HAL_PCD_ResumeCallback  usbd_conf.o
    0x08003c8c   0x08003c8c   0x00000008   Code   RO         5670    i.HAL_PCD_SOFCallback  usbd_conf.o
    0x08003c94   0x08003c94   0x00000026   Code   RO          628    i.HAL_PCD_SetAddress  stm32g4xx_hal_pcd.o
    0x08003cba   0x08003cba   0x0000000e   Code   RO         5671    i.HAL_PCD_SetupStageCallback  usbd_conf.o
    0x08003cc8   0x08003cc8   0x0000002a   Code   RO          630    i.HAL_PCD_Start     stm32g4xx_hal_pcd.o
    0x08003cf2   0x08003cf2   0x00000002   PAD
    0x08003cf4   0x08003cf4   0x00000024   Code   RO         5672    i.HAL_PCD_SuspendCallback  usbd_conf.o
    0x08003d18   0x08003d18   0x000000bc   Code   RO         2164    i.HAL_PWREx_ControlVoltageScaling  stm32g4xx_hal_pwr_ex.o
    0x08003dd4   0x08003dd4   0x00000010   Code   RO         2176    i.HAL_PWREx_DisableUCPDDeadBattery  stm32g4xx_hal_pwr_ex.o
    0x08003de4   0x08003de4   0x00000288   Code   RO         1423    i.HAL_RCCEx_PeriphCLKConfig  stm32g4xx_hal_rcc_ex.o
    0x0800406c   0x0800406c   0x000001dc   Code   RO         1298    i.HAL_RCC_ClockConfig  stm32g4xx_hal_rcc.o
    0x08004248   0x08004248   0x0000006c   Code   RO         1308    i.HAL_RCC_GetSysClockFreq  stm32g4xx_hal_rcc.o
    0x080042b4   0x080042b4   0x00000404   Code   RO         1311    i.HAL_RCC_OscConfig  stm32g4xx_hal_rcc.o
    0x080046b8   0x080046b8   0x000000ea   Code   RO         3393    i.HAL_SPI_Init      stm32g4xx_hal_spi.o
    0x080047a2   0x080047a2   0x00000002   PAD
    0x080047a4   0x080047a4   0x000000cc   Code   RO          361    i.HAL_SPI_MspInit   spi.o
    0x08004870   0x08004870   0x0000018e   Code   RO         3401    i.HAL_SPI_Transmit  stm32g4xx_hal_spi.o
    0x080049fe   0x080049fe   0x00000028   Code   RO         2421    i.HAL_SYSTICK_Config  stm32g4xx_hal_cortex.o
    0x08004a26   0x08004a26   0x00000002   Code   RO         4449    i.HAL_TIMEx_Break2Callback  stm32g4xx_hal_tim_ex.o
    0x08004a28   0x08004a28   0x00000002   Code   RO         4450    i.HAL_TIMEx_BreakCallback  stm32g4xx_hal_tim_ex.o
    0x08004a2a   0x08004a2a   0x00000002   Code   RO         4451    i.HAL_TIMEx_CommutCallback  stm32g4xx_hal_tim_ex.o
    0x08004a2c   0x08004a2c   0x0000009c   Code   RO         4454    i.HAL_TIMEx_ConfigBreakDeadTime  stm32g4xx_hal_tim_ex.o
    0x08004ac8   0x08004ac8   0x00000002   Code   RO         4462    i.HAL_TIMEx_DirectionChangeCallback  stm32g4xx_hal_tim_ex.o
    0x08004aca   0x08004aca   0x00000002   Code   RO         4476    i.HAL_TIMEx_EncoderIndexCallback  stm32g4xx_hal_tim_ex.o
    0x08004acc   0x08004acc   0x00000002   Code   RO         4490    i.HAL_TIMEx_IndexErrorCallback  stm32g4xx_hal_tim_ex.o
    0x08004ace   0x08004ace   0x00000002   PAD
    0x08004ad0   0x08004ad0   0x0000009c   Code   RO         4491    i.HAL_TIMEx_MasterConfigSynchronization  stm32g4xx_hal_tim_ex.o
    0x08004b6c   0x08004b6c   0x000000b8   Code   RO         4503    i.HAL_TIMEx_PWMN_Start  stm32g4xx_hal_tim_ex.o
    0x08004c24   0x08004c24   0x00000002   Code   RO         4512    i.HAL_TIMEx_TransitionErrorCallback  stm32g4xx_hal_tim_ex.o
    0x08004c26   0x08004c26   0x00000062   Code   RO         3735    i.HAL_TIM_Base_Init  stm32g4xx_hal_tim.o
    0x08004c88   0x08004c88   0x00000038   Code   RO          409    i.HAL_TIM_Base_MspInit  tim.o
    0x08004cc0   0x08004cc0   0x00000078   Code   RO         3740    i.HAL_TIM_Base_Start_IT  stm32g4xx_hal_tim.o
    0x08004d38   0x08004d38   0x00000100   Code   RO         3744    i.HAL_TIM_ConfigClockSource  stm32g4xx_hal_tim.o
    0x08004e38   0x08004e38   0x00000002   Code   RO         3769    i.HAL_TIM_IC_CaptureCallback  stm32g4xx_hal_tim.o
    0x08004e3a   0x08004e3a   0x000001a2   Code   RO         3783    i.HAL_TIM_IRQHandler  stm32g4xx_hal_tim.o
    0x08004fdc   0x08004fdc   0x00000094   Code   RO          410    i.HAL_TIM_MspPostInit  tim.o
    0x08005070   0x08005070   0x00000002   Code   RO         3786    i.HAL_TIM_OC_DelayElapsedCallback  stm32g4xx_hal_tim.o
    0x08005072   0x08005072   0x00000124   Code   RO         3807    i.HAL_TIM_PWM_ConfigChannel  stm32g4xx_hal_tim.o
    0x08005196   0x08005196   0x00000062   Code   RO         3810    i.HAL_TIM_PWM_Init  stm32g4xx_hal_tim.o
    0x080051f8   0x080051f8   0x0000003c   Code   RO          412    i.HAL_TIM_PWM_MspInit  tim.o
    0x08005234   0x08005234   0x00000002   Code   RO         3813    i.HAL_TIM_PWM_PulseFinishedCallback  stm32g4xx_hal_tim.o
    0x08005236   0x08005236   0x00000002   PAD
    0x08005238   0x08005238   0x000000fc   Code   RO         3815    i.HAL_TIM_PWM_Start  stm32g4xx_hal_tim.o
    0x08005334   0x08005334   0x00000074   Code   RO         5024    i.HAL_TIM_PeriodElapsedCallback  maintask.o
    0x080053a8   0x080053a8   0x00000002   Code   RO         3826    i.HAL_TIM_TriggerCallback  stm32g4xx_hal_tim.o
    0x080053aa   0x080053aa   0x00000002   Code   RO          477    i.HardFault_Handler  stm32g4xx_it.o
    0x080053ac   0x080053ac   0x0000004e   Code   RO         5564    i.IIR_Butterworth   fliter.o
    0x080053fa   0x080053fa   0x00000002   PAD
    0x080053fc   0x080053fc   0x00000038   Code   RO         5906    i.IntToUnicode      usbd_desc.o
    0x08005434   0x08005434   0x0000000c   Code   RO         2813    i.LL_ADC_GetOffsetChannel  stm32g4xx_hal_adc_ex.o
    0x08005440   0x08005440   0x00000008   Code   RO         2581    i.LL_ADC_INJ_IsConversionOngoing  stm32g4xx_hal_adc.o
    0x08005448   0x08005448   0x00000008   Code   RO         2814    i.LL_ADC_INJ_IsConversionOngoing  stm32g4xx_hal_adc_ex.o
    0x08005450   0x08005450   0x00000008   Code   RO         2582    i.LL_ADC_REG_IsConversionOngoing  stm32g4xx_hal_adc.o
    0x08005458   0x08005458   0x00000008   Code   RO         2815    i.LL_ADC_REG_IsConversionOngoing  stm32g4xx_hal_adc_ex.o
    0x08005460   0x08005460   0x00000010   Code   RO         2583    i.LL_ADC_REG_IsTriggerSourceSWStart  stm32g4xx_hal_adc.o
    0x08005470   0x08005470   0x0000001e   Code   RO         2816    i.LL_ADC_SetChannelSamplingTime  stm32g4xx_hal_adc_ex.o
    0x0800548e   0x0800548e   0x00000010   Code   RO         2817    i.LL_ADC_SetOffsetState  stm32g4xx_hal_adc_ex.o
    0x0800549e   0x0800549e   0x00000002   PAD
    0x080054a0   0x080054a0   0x000000e0   Code   RO          278    i.MX_ADC1_Init      adc.o
    0x08005580   0x08005580   0x0000004c   Code   RO          320    i.MX_FDCAN1_Init    fdcan.o
    0x080055cc   0x080055cc   0x00000080   Code   RO          252    i.MX_GPIO_Init      gpio.o
    0x0800564c   0x0800564c   0x00000050   Code   RO          362    i.MX_SPI1_Init      spi.o
    0x0800569c   0x0800569c   0x00000050   Code   RO          363    i.MX_SPI3_Init      spi.o
    0x080056ec   0x080056ec   0x000000f4   Code   RO          413    i.MX_TIM1_Init      tim.o
    0x080057e0   0x080057e0   0x00000068   Code   RO          414    i.MX_TIM2_Init      tim.o
    0x08005848   0x08005848   0x00000054   Code   RO         5875    i.MX_USB_Device_Init  usb_device.o
    0x0800589c   0x0800589c   0x00000002   Code   RO          478    i.MemManage_Handler  stm32g4xx_it.o
    0x0800589e   0x0800589e   0x00000002   Code   RO          479    i.NMI_Handler       stm32g4xx_it.o
    0x080058a0   0x080058a0   0x00000342   Code   RO          633    i.PCD_EP_ISR_Handler  stm32g4xx_hal_pcd.o
    0x08005be2   0x08005be2   0x0000008e   Code   RO         5089    i.PID_Cal           pid.o
    0x08005c70   0x08005c70   0x00000034   Code   RO         5090    i.PID_Init          pid.o
    0x08005ca4   0x08005ca4   0x000000f8   Code   RO         5140    i.Param_Init        task_cfg.o
    0x08005d9c   0x08005d9c   0x00000002   Code   RO          480    i.PendSV_Handler    stm32g4xx_it.o
    0x08005d9e   0x08005d9e   0x00000002   PAD
    0x08005da0   0x08005da0   0x0000001c   Code   RO         5397    i.ReadFlashData     flash.o
    0x08005dbc   0x08005dbc   0x0000001c   Code   RO         5399    i.Read_lut_FromData  flash.o
    0x08005dd8   0x08005dd8   0x0000000c   Code   RO         5400    i.Read_offset_FromData  flash.o
    0x08005de4   0x08005de4   0x00000048   Code   RO         3431    i.SPI_EndRxTxTransaction  stm32g4xx_hal_spi.o
    0x08005e2c   0x08005e2c   0x000000e0   Code   RO         3436    i.SPI_WaitFifoStateUntilTimeout  stm32g4xx_hal_spi.o
    0x08005f0c   0x08005f0c   0x000000b8   Code   RO         3437    i.SPI_WaitFlagStateUntilTimeout  stm32g4xx_hal_spi.o
    0x08005fc4   0x08005fc4   0x00000002   Code   RO          481    i.SVC_Handler       stm32g4xx_it.o
    0x08005fc6   0x08005fc6   0x0000000a   Code   RO         6186    i.SWAPBYTE          usbd_ctlreq.o
    0x08005fd0   0x08005fd0   0x0000007c   Code   RO         5466    i.Speed_Cal         encoder.o
    0x0800604c   0x0800604c   0x00000004   Code   RO          482    i.SysTick_Handler   stm32g4xx_it.o
    0x08006050   0x08006050   0x0000006a   Code   RO           14    i.SystemClock_Config  main.o
    0x080060ba   0x080060ba   0x00000002   PAD
    0x080060bc   0x080060bc   0x00000010   Code   RO         4879    i.SystemInit        system_stm32g4xx.o
    0x080060cc   0x080060cc   0x0000000c   Code   RO          483    i.TIM1_UP_TIM16_IRQHandler  stm32g4xx_it.o
    0x080060d8   0x080060d8   0x0000000c   Code   RO          484    i.TIM2_IRQHandler   stm32g4xx_it.o
    0x080060e4   0x080060e4   0x000000bc   Code   RO         3828    i.TIM_Base_SetConfig  stm32g4xx_hal_tim.o
    0x080061a0   0x080061a0   0x0000001a   Code   RO         3829    i.TIM_CCxChannelCmd  stm32g4xx_hal_tim.o
    0x080061ba   0x080061ba   0x0000001a   Code   RO         4515    i.TIM_CCxNChannelCmd  stm32g4xx_hal_tim_ex.o
    0x080061d4   0x080061d4   0x00000014   Code   RO         3839    i.TIM_ETR_SetConfig  stm32g4xx_hal_tim.o
    0x080061e8   0x080061e8   0x00000014   Code   RO         3840    i.TIM_ITRx_SetConfig  stm32g4xx_hal_tim.o
    0x080061fc   0x080061fc   0x0000009c   Code   RO         3841    i.TIM_OC1_SetConfig  stm32g4xx_hal_tim.o
    0x08006298   0x08006298   0x00000090   Code   RO         3842    i.TIM_OC2_SetConfig  stm32g4xx_hal_tim.o
    0x08006328   0x08006328   0x00000090   Code   RO         3843    i.TIM_OC3_SetConfig  stm32g4xx_hal_tim.o
    0x080063b8   0x080063b8   0x00000090   Code   RO         3844    i.TIM_OC4_SetConfig  stm32g4xx_hal_tim.o
    0x08006448   0x08006448   0x00000070   Code   RO         3845    i.TIM_OC5_SetConfig  stm32g4xx_hal_tim.o
    0x080064b8   0x080064b8   0x00000070   Code   RO         3846    i.TIM_OC6_SetConfig  stm32g4xx_hal_tim.o
    0x08006528   0x08006528   0x00000022   Code   RO         3848    i.TIM_TI1_ConfigInputStage  stm32g4xx_hal_tim.o
    0x0800654a   0x0800654a   0x00000024   Code   RO         3850    i.TIM_TI2_ConfigInputStage  stm32g4xx_hal_tim.o
    0x0800656e   0x0800656e   0x00000010   Code   RO         5141    i.Task_Init         task_cfg.o
    0x0800657e   0x0800657e   0x00000002   PAD
    0x08006580   0x08006580   0x00000020   Code   RO         5907    i.USBD_CDC_ConfigStrDescriptor  usbd_desc.o
    0x080065a0   0x080065a0   0x0000005e   Code   RO         6319    i.USBD_CDC_DataIn   usbd_cdc.o
    0x080065fe   0x080065fe   0x0000002a   Code   RO         6320    i.USBD_CDC_DataOut  usbd_cdc.o
    0x08006628   0x08006628   0x00000048   Code   RO         6321    i.USBD_CDC_DeInit   usbd_cdc.o
    0x08006670   0x08006670   0x0000000c   Code   RO         5908    i.USBD_CDC_DeviceDescriptor  usbd_desc.o
    0x0800667c   0x0800667c   0x0000002e   Code   RO         6322    i.USBD_CDC_EP0_RxReady  usbd_cdc.o
    0x080066aa   0x080066aa   0x00000002   PAD
    0x080066ac   0x080066ac   0x0000000c   Code   RO         6323    i.USBD_CDC_GetDeviceQualifierDescriptor  usbd_cdc.o
    0x080066b8   0x080066b8   0x0000000c   Code   RO         6324    i.USBD_CDC_GetFSCfgDesc  usbd_cdc.o
    0x080066c4   0x080066c4   0x0000000c   Code   RO         6325    i.USBD_CDC_GetHSCfgDesc  usbd_cdc.o
    0x080066d0   0x080066d0   0x0000000c   Code   RO         6326    i.USBD_CDC_GetOtherSpeedCfgDesc  usbd_cdc.o
    0x080066dc   0x080066dc   0x000000a2   Code   RO         6327    i.USBD_CDC_Init     usbd_cdc.o
    0x0800677e   0x0800677e   0x00000002   PAD
    0x08006780   0x08006780   0x00000024   Code   RO         5909    i.USBD_CDC_InterfaceStrDescriptor  usbd_desc.o
    0x080067a4   0x080067a4   0x0000000c   Code   RO         5910    i.USBD_CDC_LangIDStrDescriptor  usbd_desc.o
    0x080067b0   0x080067b0   0x00000028   Code   RO         5911    i.USBD_CDC_ManufacturerStrDescriptor  usbd_desc.o
    0x080067d8   0x080067d8   0x0000002c   Code   RO         5912    i.USBD_CDC_ProductStrDescriptor  usbd_desc.o
    0x08006804   0x08006804   0x00000028   Code   RO         6328    i.USBD_CDC_ReceivePacket  usbd_cdc.o
    0x0800682c   0x0800682c   0x0000000e   Code   RO         6329    i.USBD_CDC_RegisterInterface  usbd_cdc.o
    0x0800683a   0x0800683a   0x00000002   PAD
    0x0800683c   0x0800683c   0x00000038   Code   RO         5913    i.USBD_CDC_SerialStrDescriptor  usbd_desc.o
    0x08006874   0x08006874   0x00000012   Code   RO         6330    i.USBD_CDC_SetRxBuffer  usbd_cdc.o
    0x08006886   0x08006886   0x00000016   Code   RO         6331    i.USBD_CDC_SetTxBuffer  usbd_cdc.o
    0x0800689c   0x0800689c   0x000000be   Code   RO         6332    i.USBD_CDC_Setup    usbd_cdc.o
    0x0800695a   0x0800695a   0x00000036   Code   RO         6333    i.USBD_CDC_TransmitPacket  usbd_cdc.o
    0x08006990   0x08006990   0x00000010   Code   RO         6048    i.USBD_ClrClassConfig  usbd_core.o
    0x080069a0   0x080069a0   0x00000010   Code   RO         6259    i.USBD_CtlContinueRx  usbd_ioreq.o
    0x080069b0   0x080069b0   0x00000010   Code   RO         6260    i.USBD_CtlContinueSendData  usbd_ioreq.o
    0x080069c0   0x080069c0   0x00000016   Code   RO         6187    i.USBD_CtlError     usbd_ctlreq.o
    0x080069d6   0x080069d6   0x0000001e   Code   RO         6261    i.USBD_CtlPrepareRx  usbd_ioreq.o
    0x080069f4   0x080069f4   0x00000016   Code   RO         6262    i.USBD_CtlReceiveStatus  usbd_ioreq.o
    0x08006a0a   0x08006a0a   0x0000001a   Code   RO         6263    i.USBD_CtlSendData  usbd_ioreq.o
    0x08006a24   0x08006a24   0x00000016   Code   RO         6264    i.USBD_CtlSendStatus  usbd_ioreq.o
    0x08006a3a   0x08006a3a   0x000000fa   Code   RO         6188    i.USBD_GetDescriptor  usbd_ctlreq.o
    0x08006b34   0x08006b34   0x00000048   Code   RO         6189    i.USBD_GetString    usbd_ctlreq.o
    0x08006b7c   0x08006b7c   0x00000018   Code   RO         5673    i.USBD_Get_USB_Status  usbd_conf.o
    0x08006b94   0x08006b94   0x00000026   Code   RO         6050    i.USBD_Init         usbd_core.o
    0x08006bba   0x08006bba   0x00000012   Code   RO         5674    i.USBD_LL_ClearStallEP  usbd_conf.o
    0x08006bcc   0x08006bcc   0x00000012   Code   RO         5675    i.USBD_LL_CloseEP   usbd_conf.o
    0x08006bde   0x08006bde   0x000000a8   Code   RO         6051    i.USBD_LL_DataInStage  usbd_core.o
    0x08006c86   0x08006c86   0x0000006c   Code   RO         6052    i.USBD_LL_DataOutStage  usbd_core.o
    0x08006cf2   0x08006cf2   0x00000008   Code   RO         5679    i.USBD_LL_GetRxDataSize  usbd_conf.o
    0x08006cfa   0x08006cfa   0x00000002   PAD
    0x08006cfc   0x08006cfc   0x00000084   Code   RO         5680    i.USBD_LL_Init      usbd_conf.o
    0x08006d80   0x08006d80   0x0000001e   Code   RO         5681    i.USBD_LL_IsStallEP  usbd_conf.o
    0x08006d9e   0x08006d9e   0x00000018   Code   RO         5682    i.USBD_LL_OpenEP    usbd_conf.o
    0x08006db6   0x08006db6   0x00000012   Code   RO         5683    i.USBD_LL_PrepareReceive  usbd_conf.o
    0x08006dc8   0x08006dc8   0x0000005a   Code   RO         6057    i.USBD_LL_Reset     usbd_core.o
    0x08006e22   0x08006e22   0x00000014   Code   RO         6058    i.USBD_LL_Resume    usbd_core.o
    0x08006e36   0x08006e36   0x00000020   Code   RO         6059    i.USBD_LL_SOF       usbd_core.o
    0x08006e56   0x08006e56   0x00000006   Code   RO         6060    i.USBD_LL_SetSpeed  usbd_core.o
    0x08006e5c   0x08006e5c   0x00000012   Code   RO         5684    i.USBD_LL_SetUSBAddress  usbd_conf.o
    0x08006e6e   0x08006e6e   0x00000060   Code   RO         6061    i.USBD_LL_SetupStage  usbd_core.o
    0x08006ece   0x08006ece   0x00000012   Code   RO         5685    i.USBD_LL_StallEP   usbd_conf.o
    0x08006ee0   0x08006ee0   0x00000012   Code   RO         5686    i.USBD_LL_Start     usbd_conf.o
    0x08006ef2   0x08006ef2   0x00000012   Code   RO         6062    i.USBD_LL_Suspend   usbd_core.o
    0x08006f04   0x08006f04   0x00000012   Code   RO         5688    i.USBD_LL_Transmit  usbd_conf.o
    0x08006f16   0x08006f16   0x0000002c   Code   RO         6190    i.USBD_ParseSetupRequest  usbd_ctlreq.o
    0x08006f42   0x08006f42   0x00000024   Code   RO         6063    i.USBD_RegisterClass  usbd_core.o
    0x08006f66   0x08006f66   0x00000014   Code   RO         6065    i.USBD_SetClassConfig  usbd_core.o
    0x08006f7a   0x08006f7a   0x00000002   PAD
    0x08006f7c   0x08006f7c   0x000000bc   Code   RO         6191    i.USBD_SetConfig    usbd_ctlreq.o
    0x08007038   0x08007038   0x00000004   Code   RO         6066    i.USBD_Start        usbd_core.o
    0x0800703c   0x0800703c   0x00000114   Code   RO         6192    i.USBD_StdDevReq    usbd_ctlreq.o
    0x08007150   0x08007150   0x00000140   Code   RO         6193    i.USBD_StdEPReq     usbd_ctlreq.o
    0x08007290   0x08007290   0x00000052   Code   RO         6194    i.USBD_StdItfReq    usbd_ctlreq.o
    0x080072e2   0x080072e2   0x00000002   Code   RO         5689    i.USBD_static_free  usbd_conf.o
    0x080072e4   0x080072e4   0x00000008   Code   RO         5690    i.USBD_static_malloc  usbd_conf.o
    0x080072ec   0x080072ec   0x0000036a   Code   RO          895    i.USB_ActivateEndpoint  stm32g4xx_ll_usb.o
    0x08007656   0x08007656   0x0000010e   Code   RO          899    i.USB_DeactivateEndpoint  stm32g4xx_ll_usb.o
    0x08007764   0x08007764   0x0000000e   Code   RO          900    i.USB_DevConnect    stm32g4xx_ll_usb.o
    0x08007772   0x08007772   0x00000012   Code   RO          902    i.USB_DevInit       stm32g4xx_ll_usb.o
    0x08007784   0x08007784   0x00000010   Code   RO          903    i.USB_DisableGlobalInt  stm32g4xx_ll_usb.o
    0x08007794   0x08007794   0x00000070   Code   RO          904    i.USB_EPClearStall  stm32g4xx_ll_usb.o
    0x08007804   0x08007804   0x00000032   Code   RO          905    i.USB_EPSetStall    stm32g4xx_ll_usb.o
    0x08007836   0x08007836   0x00000002   PAD
    0x08007838   0x08007838   0x0000036e   Code   RO          906    i.USB_EPStartXfer   stm32g4xx_ll_usb.o
    0x08007ba6   0x08007ba6   0x00000012   Code   RO          908    i.USB_EnableGlobalInt  stm32g4xx_ll_usb.o
    0x08007bb8   0x08007bb8   0x0000000c   Code   RO          485    i.USB_LP_IRQHandler  stm32g4xx_it.o
    0x08007bc4   0x08007bc4   0x00000006   Code   RO          911    i.USB_ReadInterrupts  stm32g4xx_ll_usb.o
    0x08007bca   0x08007bca   0x00000028   Code   RO          912    i.USB_ReadPMA       stm32g4xx_ll_usb.o
    0x08007bf2   0x08007bf2   0x0000000c   Code   RO          914    i.USB_SetDevAddress  stm32g4xx_ll_usb.o
    0x08007bfe   0x08007bfe   0x00000002   PAD
    0x08007c00   0x08007c00   0x00000026   Code   RO          916    i.USB_WritePMA      stm32g4xx_ll_usb.o
    0x08007c26   0x08007c26   0x00000002   Code   RO          486    i.UsageFault_Handler  stm32g4xx_it.o
    0x08007c28   0x08007c28   0x000000ac   Code   RO         5524    i.WS2812_BreathEffect_Smooth  ws2812.o
    0x08007cd4   0x08007cd4   0x00000032   Code   RO         5525    i.WS2812_Breathing_Param_Init  ws2812.o
    0x08007d06   0x08007d06   0x00000002   PAD
    0x08007d08   0x08007d08   0x00000098   Code   RO         5526    i.WS2812_Ctrl       ws2812.o
    0x08007da0   0x08007da0   0x00000030   Code   RO         6809    i.__ARM_fpclassify  m_wm.l(fpclassify.o)
    0x08007dd0   0x08007dd0   0x00000026   Code   RO         6700    i.__ARM_fpclassifyf  m_wm.l(fpclassifyf.o)
    0x08007df6   0x08007df6   0x00000020   Code   RO         2423    i.__NVIC_SetPriority  stm32g4xx_hal_cortex.o
    0x08007e16   0x08007e16   0x00000002   PAD
    0x08007e18   0x08007e18   0x00000190   Code   RO         6565    i.__hardfp_sinf     m_wm.l(sinf.o)
    0x08007fa8   0x08007fa8   0x00000006   Code   RO         6703    i.__mathlib_flt_infnan  m_wm.l(funder.o)
    0x08007fae   0x08007fae   0x00000002   PAD
    0x08007fb0   0x08007fb0   0x00000010   Code   RO         6705    i.__mathlib_flt_invalid  m_wm.l(funder.o)
    0x08007fc0   0x08007fc0   0x00000010   Code   RO         6708    i.__mathlib_flt_underflow  m_wm.l(funder.o)
    0x08007fd0   0x08007fd0   0x00000154   Code   RO         6716    i.__mathlib_rredf2  m_wm.l(rredf.o)
    0x08008124   0x08008124   0x0000000e   Code   RO         6652    i._is_digit         c_w.l(__printf_wp.o)
    0x08008132   0x08008132   0x00000002   PAD
    0x08008134   0x08008134   0x00000068   Code   RO           15    i.main              main.o
    0x0800819c   0x0800819c   0x00000024   Code   RO         5985    i.usbvcom_printf    usbd_cdc_if.o
    0x080081c0   0x080081c0   0x0000002c   Code   RO         6797    locale$$code        c_w.l(lc_numeric_c.o)
    0x080081ec   0x080081ec   0x0000002c   Code   RO         6814    locale$$code        c_w.l(lc_ctype_c.o)
    0x08008218   0x08008218   0x0000000c   Code   RO         6685    x$fpl$dretinf       fz_wm.l(dretinf.o)
    0x08008224   0x08008224   0x00000056   Code   RO         6551    x$fpl$f2d           fz_wm.l(f2d.o)
    0x0800827a   0x0800827a   0x0000008c   Code   RO         6687    x$fpl$fnaninf       fz_wm.l(fnaninf.o)
    0x08008306   0x08008306   0x0000000a   Code   RO         6872    x$fpl$fpinit        fz_wm.l(fpinit.o)
    0x08008310   0x08008310   0x00000004   Code   RO         6691    x$fpl$printf1       fz_wm.l(printf1.o)
    0x08008314   0x08008314   0x00000004   Code   RO         6693    x$fpl$printf2       fz_wm.l(printf2.o)
    0x08008318   0x08008318   0x00000000   Code   RO         6699    x$fpl$usenofp       fz_wm.l(usenofp.o)
    0x08008318   0x08008318   0x00000010   Data   RO         4880    .constdata          system_stm32g4xx.o
    0x08008328   0x08008328   0x00000008   Data   RO         6611    .constdata          c_w.l(_printf_wctomb.o)
    0x08008330   0x08008330   0x00000028   Data   RO         6640    .constdata          c_w.l(_printf_hex_int_ll_ptr.o)
    0x08008358   0x08008358   0x00000011   Data   RO         6660    .constdata          c_w.l(__printf_flags_ss_wp.o)
    0x08008369   0x08008369   0x00000003   PAD
    0x0800836c   0x0800836c   0x00000020   Data   RO         6717    .constdata          m_wm.l(rredf.o)
    0x0800838c   0x0800838c   0x00000026   Data   RO         6746    .constdata          c_w.l(_printf_fp_hex.o)
    0x080083b2   0x080083b2   0x00000002   PAD
    0x080083b4   0x080083b4   0x00000094   Data   RO         6772    .constdata          c_w.l(bigflt0.o)
    0x08008448   0x08008448   0x00000020   Data   RO         6940    Region$$Table       anon$$obj.o
    0x08008468   0x08008468   0x0000001c   Data   RO         6796    locale$$data        c_w.l(lc_numeric_c.o)
    0x08008484   0x08008484   0x00000110   Data   RO         6813    locale$$data        c_w.l(lc_ctype_c.o)


    Execution Region RW_IRAM1 (Exec base: 0x20000000, Load base: 0x08008594, Size: 0x00002228, Max: 0x00008000, ABSOLUTE, COMPRESSED[0x000000c8])

    Exec Addr    Load Addr    Size         Type   Attr      Idx    E Section Name        Object

    0x20000000   COMPRESSED   0x0000000c   Data   RW         1083    .data               stm32g4xx_hal.o
    0x2000000c   COMPRESSED   0x00000004   Data   RW         4882    .data               system_stm32g4xx.o
    0x20000010   COMPRESSED   0x00000004   Data   RW         5026    .data               maintask.o
    0x20000014   COMPRESSED   0x00000002   Data   RW         5143    .data               task_cfg.o
    0x20000016   COMPRESSED   0x00000002   PAD
    0x20000018   COMPRESSED   0x00000020   Data   RW         5915    .data               usbd_desc.o
    0x20000038   COMPRESSED   0x00000032   Data   RW         5916    .data               usbd_desc.o
    0x2000006a   COMPRESSED   0x00000002   PAD
    0x2000006c   COMPRESSED   0x00000014   Data   RW         5987    .data               usbd_cdc_if.o
    0x20000080   COMPRESSED   0x00000001   Data   RW         6195    .data               usbd_ctlreq.o
    0x20000081   COMPRESSED   0x00000003   PAD
    0x20000084   COMPRESSED   0x000000d7   Data   RW         6334    .data               usbd_cdc.o
    0x2000015b   COMPRESSED   0x00000001   PAD
    0x2000015c   COMPRESSED   0x00000038   Data   RW         6335    .data               usbd_cdc.o
    0x20000194        -       0x0000006c   Zero   RW          279    .bss                adc.o
    0x20000200        -       0x00000064   Zero   RW          321    .bss                fdcan.o
    0x20000264        -       0x000000c8   Zero   RW          364    .bss                spi.o
    0x2000032c        -       0x00000098   Zero   RW          415    .bss                tim.o
    0x200003c4        -       0x0000007c   Zero   RW         4936    .bss                foc.o
    0x20000440        -       0x0000004c   Zero   RW         5091    .bss                pid.o
    0x2000048c        -       0x0000002c   Zero   RW         5092    .bss                pid.o
    0x200004b8        -       0x0000002c   Zero   RW         5093    .bss                pid.o
    0x200004e4        -       0x00000408   Zero   RW         5142    .bss                task_cfg.o
    0x200008ec        -       0x0000000c   Zero   RW         5469    .bss                encoder.o
    0x200008f8        -       0x00000024   Zero   RW         5527    .bss                ws2812.o
    0x2000091c        -       0x000000a0   Zero   RW         5568    .bss                fliter.o
    0x200009bc        -       0x000004fc   Zero   RW         5691    .bss                usbd_conf.o
    0x20000eb8        -       0x000002d0   Zero   RW         5876    .bss                usb_device.o
    0x20001188        -       0x00000200   Zero   RW         5914    .bss                usbd_desc.o
    0x20001388        -       0x00000840   Zero   RW         5986    .bss                usbd_cdc_if.o
    0x20001bc8        -       0x00000060   Zero   RW         6758    .bss                c_w.l(libspace.o)
    0x20001c28        -       0x00000200   Zero   RW            2    HEAP                startup_stm32g431xx.o
    0x20001e28        -       0x00000400   Zero   RW            1    STACK               startup_stm32g431xx.o


==============================================================================

Image component sizes


      Code (inc. data)   RO Data    RW Data    ZI Data      Debug   Object Name

       356         20          0          0        108       1873   adc.o
       124         18          0          0         12       1737   encoder.o
       204         22          0          0        100       1731   fdcan.o
        68          6          0          0          0       2159   flash.o
        78          0          0          0        160       1556   fliter.o
        10          0          0          0        124       1872   foc.o
       128         10          0          0          0        939   gpio.o
       214         18          0          0          0     703675   main.o
       316         60          0          4          0       2124   maintask.o
       250         20          0          0        164       3264   pid.o
       364         40          0          0        200       2378   spi.o
        64         26        472          0       1536        824   startup_stm32g431xx.o
       126         20          0         12          0       3629   stm32g4xx_hal.o
      1706         74          0          0          0      75382   stm32g4xx_hal_adc.o
      1944         78          0          0          0      77639   stm32g4xx_hal_adc_ex.o
       198         14          0          0          0      33775   stm32g4xx_hal_cortex.o
       516         18          0          0          0       3801   stm32g4xx_hal_fdcan.o
       594         34          0          0          0       2320   stm32g4xx_hal_gpio.o
        48          6          0          0          0        850   stm32g4xx_hal_msp.o
      2976          0          0          0          0      14521   stm32g4xx_hal_pcd.o
        96          0          0          0          0       1924   stm32g4xx_hal_pcd_ex.o
       204         18          0          0          0       1385   stm32g4xx_hal_pwr_ex.o
      1612         64          0          0          0       5042   stm32g4xx_hal_rcc.o
       648         10          0          0          0       1868   stm32g4xx_hal_rcc_ex.o
      1112         10          0          0          0       5762   stm32g4xx_hal_spi.o
      2678        258          0          0          0      18168   stm32g4xx_hal_tim.o
       536         58          0          0          0       7691   stm32g4xx_hal_tim_ex.o
        68         24          0          0          0       5927   stm32g4xx_it.o
      2346          0          0          0          0      13868   stm32g4xx_ll_usb.o
        16          4         16          4          0       1103   system_stm32g4xx.o
       356         86          0          2       1032       2318   task_cfg.o
       612         44          0          0        152       3735   tim.o
        84         18          0          0        720        788   usb_device.o
       802         16          0        271          0      13597   usbd_cdc.o
       152         28          0         20       2112       5139   usbd_cdc_if.o
       684         36          0          0       1276      15107   usbd_conf.o
       652          0          0          0          0       9771   usbd_core.o
      1264         22          0          1          0      14256   usbd_ctlreq.o
       288        104          0         82        512       6078   usbd_desc.o
       132          0          0          0          0       4464   usbd_ioreq.o
       374         16          0          0         36       3342   ws2812.o

    ----------------------------------------------------------------------
     25050       1300        520        404       8244    1077382   Object Totals
         0          0         32          0          0          0   (incl. Generated)
        50          0          0          8          0          0   (incl. Padding)

    ----------------------------------------------------------------------

      Code (inc. data)   RO Data    RW Data    ZI Data      Debug   Library Member Name

        90          0          0          0          0          0   __dczerorl2.o
         8          0          0          0          0         68   __main.o
       392          4         17          0          0         92   __printf_flags_ss_wp.o
        14          0          0          0          0         68   __printf_wp.o
         0          0          0          0          0          0   __rtentry.o
        12          0          0          0          0          0   __rtentry2.o
         6          0          0          0          0          0   __rtentry4.o
        52          8          0          0          0          0   __scatter.o
        28          0          0          0          0          0   __scatter_zi.o
         6          0          0          0          0          0   _printf_a.o
         6          0          0          0          0          0   _printf_c.o
        44          0          0          0          0        108   _printf_char.o
        48          6          0          0          0         96   _printf_char_common.o
        40          0          0          0          0         68   _printf_charcount.o
         6          0          0          0          0          0   _printf_d.o
       120         16          0          0          0         92   _printf_dec.o
         6          0          0          0          0          0   _printf_e.o
         6          0          0          0          0          0   _printf_f.o
      1054          0          0          0          0        216   _printf_fp_dec.o
       764          8         38          0          0        100   _printf_fp_hex.o
       128         16          0          0          0         84   _printf_fp_infnan.o
         6          0          0          0          0          0   _printf_g.o
       148          4         40          0          0        160   _printf_hex_int_ll_ptr.o
         6          0          0          0          0          0   _printf_i.o
       178          0          0          0          0         88   _printf_intcommon.o
        10          0          0          0          0          0   _printf_l.o
         6          0          0          0          0          0   _printf_lc.o
        10          0          0          0          0          0   _printf_ll.o
         6          0          0          0          0          0   _printf_lld.o
         6          0          0          0          0          0   _printf_lli.o
         6          0          0          0          0          0   _printf_llo.o
         6          0          0          0          0          0   _printf_llu.o
         6          0          0          0          0          0   _printf_llx.o
       124         16          0          0          0         92   _printf_longlong_dec.o
         6          0          0          0          0          0   _printf_ls.o
         6          0          0          0          0          0   _printf_n.o
         6          0          0          0          0          0   _printf_o.o
       112         10          0          0          0        124   _printf_oct_int_ll.o
         6          0          0          0          0          0   _printf_p.o
        78          0          0          0          0        108   _printf_pad.o
         0          0          0          0          0          0   _printf_percent.o
         4          0          0          0          0          0   _printf_percent_end.o
         6          0          0          0          0          0   _printf_s.o
        82          0          0          0          0         80   _printf_str.o
        36          0          0          0          0         84   _printf_truncate.o
         6          0          0          0          0          0   _printf_u.o
        44          0          0          0          0        108   _printf_wchar.o
       188          6          8          0          0         92   _printf_wctomb.o
         6          0          0          0          0          0   _printf_x.o
        22          0          0          0          0        100   _rserrno.o
        16          0          0          0          0         68   _snputc.o
        10          0          0          0          0         68   _sputc.o
        64          0          0          0          0         92   _wcrtomb.o
       228          4        148          0          0         96   bigflt0.o
      1936        128          0          0          0        672   btod.o
        18          0          0          0          0         80   exit.o
         6          0          0          0          0        152   heapauxi.o
         0          0          0          0          0          0   indicate_semi.o
        44         10        272          0          0         76   lc_ctype_c.o
        44         10         28          0          0         76   lc_numeric_c.o
         2          0          0          0          0          0   libinit.o
        34          0          0          0          0          0   libinit2.o
         2          0          0          0          0          0   libshutdown.o
         2          0          0          0          0          0   libshutdown2.o
         8          4          0          0         96         68   libspace.o
       138          0          0          0          0         80   lludiv10.o
        16          4          0          0          0         76   rt_ctype_table.o
         8          4          0          0          0         68   rt_errno_addr_intlibspace.o
         8          4          0          0          0         68   rt_locale_intlibspace.o
        78          0          0          0          0         80   rt_memclr_w.o
         2          0          0          0          0          0   rtexit.o
        10          0          0          0          0          0   rtexit2.o
       128          0          0          0          0         68   strcmpv7m.o
        12          4          0          0          0         68   sys_exit.o
        74          0          0          0          0         80   sys_stackheap_outer.o
         2          0          0          0          0         68   use_no_semi.o
        52          4          0          0          0         80   vsnprintf.o
        12          0          0          0          0        116   dretinf.o
        86          4          0          0          0        132   f2d.o
       140          4          0          0          0        132   fnaninf.o
        10          0          0          0          0        116   fpinit.o
         4          0          0          0          0        116   printf1.o
         4          0          0          0          0        116   printf2.o
         0          0          0          0          0          0   usenofp.o
        48          0          0          0          0        124   fpclassify.o
        38          0          0          0          0        116   fpclassifyf.o
        38         12          0          0          0        348   funder.o
       340         24         32          0          0        160   rredf.o
       400         56          0          0          0        212   sinf.o

    ----------------------------------------------------------------------
      8038        370        588          0         96       5900   Library Totals
        20          0          5          0          0          0   (incl. Padding)

    ----------------------------------------------------------------------

      Code (inc. data)   RO Data    RW Data    ZI Data      Debug   Library Name

      6898        270        551          0         96       4212   c_w.l
       256          8          0          0          0        728   fz_wm.l
       864         92         32          0          0        960   m_wm.l

    ----------------------------------------------------------------------
      8038        370        588          0         96       5900   Library Totals

    ----------------------------------------------------------------------

==============================================================================


      Code (inc. data)   RO Data    RW Data    ZI Data      Debug   

     33088       1670       1108        404       8340    1057194   Grand Totals
     33088       1670       1108        200       8340    1057194   ELF Image Totals (compressed)
     33088       1670       1108        200          0          0   ROM Totals

==============================================================================

    Total RO  Size (Code + RO Data)                34196 (  33.39kB)
    Total RW  Size (RW Data + ZI Data)              8744 (   8.54kB)
    Total ROM Size (Code + RO Data + RW Data)      34396 (  33.59kB)

==============================================================================

